[0.009s] Invoking command in '/home/coffee/Documents/Studium/TU/bachelorarbeit/tuw_iwos/build/tuw_iwos_robot_description': CMAKE_PREFIX_PATH=${CMAKE_PREFIX_PATH}:/opt/ros/jazzy DEBUGINFOD_URLS=https://debuginfod.ubuntu.com /usr/bin/cmake --build /home/coffee/Documents/Studium/TU/bachelorarbeit/tuw_iwos/build/tuw_iwos_robot_description -- -j14 -l14
[0.030s] -- Found ament_cmake: 2.5.6 (/opt/ros/jazzy/share/ament_cmake/cmake)
[0.170s] -- Found ament_lint_auto: 0.17.5 (/opt/ros/jazzy/share/ament_lint_auto/cmake)
[0.231s] -- Added test 'lint_cmake' to check CMake code style
[0.232s] -- Added test 'xmllint' to check XML markup files
[0.232s] -- Configuring done (0.2s)
[0.234s] -- Generating done (0.0s)
[0.235s] -- Build files have been written to: /home/coffee/Documents/Studium/TU/bachelorarbeit/tuw_iwos/build/tuw_iwos_robot_description
[0.252s] Invoked command in '/home/coffee/Documents/Studium/TU/bachelorarbeit/tuw_iwos/build/tuw_iwos_robot_description' returned '0': CMAKE_PREFIX_PATH=${CMAKE_PREFIX_PATH}:/opt/ros/jazzy DEBUGINFOD_URLS=https://debuginfod.ubuntu.com /usr/bin/cmake --build /home/coffee/Documents/Studium/TU/bachelorarbeit/tuw_iwos/build/tuw_iwos_robot_description -- -j14 -l14
[0.262s] Invoking command in '/home/coffee/Documents/Studium/TU/bachelorarbeit/tuw_iwos/build/tuw_iwos_robot_description': CMAKE_PREFIX_PATH=${CMAKE_PREFIX_PATH}:/opt/ros/jazzy DEBUGINFOD_URLS=https://debuginfod.ubuntu.com /usr/bin/cmake --install /home/coffee/Documents/Studium/TU/bachelorarbeit/tuw_iwos/build/tuw_iwos_robot_description
[0.270s] -- Install configuration: ""
[0.270s] -- Up-to-date: /home/coffee/Documents/Studium/TU/bachelorarbeit/tuw_iwos/install/tuw_iwos_robot_description/share/tuw_iwos_robot_description//launch
[0.271s] -- Up-to-date: /home/coffee/Documents/Studium/TU/bachelorarbeit/tuw_iwos/install/tuw_iwos_robot_description/share/tuw_iwos_robot_description//launch/robot_description_devel.launch.xml
[0.271s] -- Up-to-date: /home/coffee/Documents/Studium/TU/bachelorarbeit/tuw_iwos/install/tuw_iwos_robot_description/share/tuw_iwos_robot_description//launch/robot_state_publisher.launch.xml
[0.271s] -- Up-to-date: /home/coffee/Documents/Studium/TU/bachelorarbeit/tuw_iwos/install/tuw_iwos_robot_description/share/tuw_iwos_robot_description//launch/robot_description_publisher.launch.xml
[0.271s] -- Up-to-date: /home/coffee/Documents/Studium/TU/bachelorarbeit/tuw_iwos/install/tuw_iwos_robot_description/share/tuw_iwos_robot_description/resources
[0.271s] -- Up-to-date: /home/coffee/Documents/Studium/TU/bachelorarbeit/tuw_iwos/install/tuw_iwos_robot_description/share/tuw_iwos_robot_description/resources/mesh
[0.271s] -- Up-to-date: /home/coffee/Documents/Studium/TU/bachelorarbeit/tuw_iwos/install/tuw_iwos_robot_description/share/tuw_iwos_robot_description/resources/mesh/wheel_link.dae
[0.271s] -- Up-to-date: /home/coffee/Documents/Studium/TU/bachelorarbeit/tuw_iwos/install/tuw_iwos_robot_description/share/tuw_iwos_robot_description/resources/mesh/fork_link.dae
[0.271s] -- Up-to-date: /home/coffee/Documents/Studium/TU/bachelorarbeit/tuw_iwos/install/tuw_iwos_robot_description/share/tuw_iwos_robot_description/rviz
[0.271s] -- Up-to-date: /home/coffee/Documents/Studium/TU/bachelorarbeit/tuw_iwos/install/tuw_iwos_robot_description/share/tuw_iwos_robot_description/rviz/urdf.rviz
[0.271s] -- Up-to-date: /home/coffee/Documents/Studium/TU/bachelorarbeit/tuw_iwos/install/tuw_iwos_robot_description/share/tuw_iwos_robot_description/urdf
[0.271s] -- Up-to-date: /home/coffee/Documents/Studium/TU/bachelorarbeit/tuw_iwos/install/tuw_iwos_robot_description/share/tuw_iwos_robot_description/urdf/iwos.xml
[0.271s] -- Up-to-date: /home/coffee/Documents/Studium/TU/bachelorarbeit/tuw_iwos/install/tuw_iwos_robot_description/share/ament_index/resource_index/package_run_dependencies/tuw_iwos_robot_description
[0.271s] -- Up-to-date: /home/coffee/Documents/Studium/TU/bachelorarbeit/tuw_iwos/install/tuw_iwos_robot_description/share/ament_index/resource_index/parent_prefix_path/tuw_iwos_robot_description
[0.271s] -- Up-to-date: /home/coffee/Documents/Studium/TU/bachelorarbeit/tuw_iwos/install/tuw_iwos_robot_description/share/tuw_iwos_robot_description/environment/ament_prefix_path.sh
[0.271s] -- Up-to-date: /home/coffee/Documents/Studium/TU/bachelorarbeit/tuw_iwos/install/tuw_iwos_robot_description/share/tuw_iwos_robot_description/environment/ament_prefix_path.dsv
[0.271s] -- Up-to-date: /home/coffee/Documents/Studium/TU/bachelorarbeit/tuw_iwos/install/tuw_iwos_robot_description/share/tuw_iwos_robot_description/environment/path.sh
[0.271s] -- Up-to-date: /home/coffee/Documents/Studium/TU/bachelorarbeit/tuw_iwos/install/tuw_iwos_robot_description/share/tuw_iwos_robot_description/environment/path.dsv
[0.272s] -- Up-to-date: /home/coffee/Documents/Studium/TU/bachelorarbeit/tuw_iwos/install/tuw_iwos_robot_description/share/tuw_iwos_robot_description/local_setup.bash
[0.272s] -- Up-to-date: /home/coffee/Documents/Studium/TU/bachelorarbeit/tuw_iwos/install/tuw_iwos_robot_description/share/tuw_iwos_robot_description/local_setup.sh
[0.272s] -- Up-to-date: /home/coffee/Documents/Studium/TU/bachelorarbeit/tuw_iwos/install/tuw_iwos_robot_description/share/tuw_iwos_robot_description/local_setup.zsh
[0.272s] -- Up-to-date: /home/coffee/Documents/Studium/TU/bachelorarbeit/tuw_iwos/install/tuw_iwos_robot_description/share/tuw_iwos_robot_description/local_setup.dsv
[0.272s] -- Installing: /home/coffee/Documents/Studium/TU/bachelorarbeit/tuw_iwos/install/tuw_iwos_robot_description/share/tuw_iwos_robot_description/package.dsv
[0.272s] -- Up-to-date: /home/coffee/Documents/Studium/TU/bachelorarbeit/tuw_iwos/install/tuw_iwos_robot_description/share/ament_index/resource_index/packages/tuw_iwos_robot_description
[0.272s] -- Up-to-date: /home/coffee/Documents/Studium/TU/bachelorarbeit/tuw_iwos/install/tuw_iwos_robot_description/share/tuw_iwos_robot_description/cmake/tuw_iwos_robot_descriptionConfig.cmake
[0.272s] -- Up-to-date: /home/coffee/Documents/Studium/TU/bachelorarbeit/tuw_iwos/install/tuw_iwos_robot_description/share/tuw_iwos_robot_description/cmake/tuw_iwos_robot_descriptionConfig-version.cmake
[0.272s] -- Up-to-date: /home/coffee/Documents/Studium/TU/bachelorarbeit/tuw_iwos/install/tuw_iwos_robot_description/share/tuw_iwos_robot_description/package.xml
[0.273s] Invoked command in '/home/coffee/Documents/Studium/TU/bachelorarbeit/tuw_iwos/build/tuw_iwos_robot_description' returned '0': CMAKE_PREFIX_PATH=${CMAKE_PREFIX_PATH}:/opt/ros/jazzy DEBUGINFOD_URLS=https://debuginfod.ubuntu.com /usr/bin/cmake --install /home/coffee/Documents/Studium/TU/bachelorarbeit/tuw_iwos/build/tuw_iwos_robot_description
