[0.040s] Invoking command in '/home/coffee/Documents/Studium/TU/bachelorarbeit/tuw_iwos/build/tuw_iwos_hardware': CMAKE_PREFIX_PATH=${CMAKE_PREFIX_PATH}:/opt/ros/jazzy DEBUGINFOD_URLS=https://debuginfod.ubuntu.com /usr/bin/cmake /home/coffee/Documents/Studium/TU/bachelorarbeit/tuw_iwos/src/tuw_iwos_hardware -DCMAKE_INSTALL_PREFIX=/home/coffee/Documents/Studium/TU/bachelorarbeit/tuw_iwos/install/tuw_iwos_hardware
[0.274s] -- The C compiler identification is GNU 13.3.0
[0.439s] -- The CXX compiler identification is GNU 13.3.0
[0.472s] -- Detecting C compiler ABI info
[0.637s] -- Detecting C compiler ABI info - done
[0.653s] -- Check for working C compiler: /usr/bin/cc - skipped
[0.653s] -- Detecting C compile features
[0.654s] -- Detecting C compile features - done
[0.668s] -- Detecting CXX compiler ABI info
[0.842s] -- Detecting CXX compiler ABI info - done
[0.859s] -- Check for working CXX compiler: /usr/bin/c++ - skipped
[0.860s] -- Detecting CXX compile features
[0.861s] -- Detecting CXX compile features - done
[0.868s] -- Found ament_cmake: 2.5.6 (/opt/ros/jazzy/share/ament_cmake/cmake)
[1.142s] -- Found Python3: /usr/bin/python3 (found version "3.12.3") found components: Interpreter 
[1.391s] -- Found ament_lint_auto: 0.17.5 (/opt/ros/jazzy/share/ament_lint_auto/cmake)
[1.616s] -- Added test 'copyright' to check source files copyright and LICENSE
[1.623s] -- Added test 'cppcheck' to perform static code analysis on C / C++ code
[1.623s] -- Configured cppcheck include dirs: 
[1.623s] -- Configured cppcheck exclude dirs and/or files: 
[1.627s] -- Added test 'cpplint' to check C / C++ code against the Google style
[1.627s] -- Configured cpplint exclude dirs and/or files: 
[1.629s] -- Added test 'lint_cmake' to check CMake code style
[1.634s] -- Added test 'uncrustify' to check C / C++ code style
[1.634s] -- Configured uncrustify additional arguments: 
[1.636s] -- Added test 'xmllint' to check XML markup files
[1.640s] -- Configuring done (1.5s)
[1.648s] -- Generating done (0.0s)
[1.651s] -- Build files have been written to: /home/coffee/Documents/Studium/TU/bachelorarbeit/tuw_iwos/build/tuw_iwos_hardware
