[0.032s] Invoking command in '/home/coffee/Documents/Studium/TU/bachelorarbeit/tuw_iwos/build/tuw_iwos_launches': DEBUGINFOD_URLS=https://debuginfod.ubuntu.com /usr/bin/cmake /home/coffee/Documents/Studium/TU/bachelorarbeit/tuw_iwos/src/tuw_iwos_launches -DCATKIN_INSTALL_INTO_PREFIX_ROOT=0 -DCMAKE_INSTALL_PREFIX=/home/coffee/Documents/Studium/TU/bachelorarbeit/tuw_iwos/install/tuw_iwos_launches
[0.094s] [0mCMake Deprecation Warning at CMakeLists.txt:1 (cmake_minimum_required):
[0.094s]   Compatibility with CMake < 3.5 will be removed from a future version of
[0.094s]   CMake.
[0.095s] 
[0.095s]   Update the VERSION argument <min> value or use a ...<max> suffix to tell
[0.095s]   CMake that the project does not need compatibility with older versions.
[0.095s] 
[0.095s] [0m
[0.265s] -- The C compiler identification is GNU 13.3.0
[0.428s] -- The CXX compiler identification is GNU 13.3.0
[0.460s] -- Detecting C compiler ABI info
[0.615s] -- Detecting C compiler ABI info - done
[0.633s] -- Check for working C compiler: /usr/bin/cc - skipped
[0.634s] -- Detecting C compile features
[0.635s] -- Detecting C compile features - done
[0.652s] -- Detecting CXX compiler ABI info
[0.813s] -- Detecting CXX compiler ABI info - done
[0.834s] -- Check for working CXX compiler: /usr/bin/c++ - skipped
[0.834s] -- Detecting CXX compile features
[0.835s] -- Detecting CXX compile features - done
[0.873s] [31mCMake Error at CMakeLists.txt:4 (find_package):
[0.874s]   By not providing "Findcatkin.cmake" in CMAKE_MODULE_PATH this project has
[0.874s]   asked CMake to find a package configuration file provided by "catkin", but
[0.874s]   CMake did not find one.
[0.874s] 
[0.874s]   Could not find a package configuration file provided by "catkin" with any
[0.874s]   of the following names:
[0.874s] 
[0.874s]     catkinConfig.cmake
[0.874s]     catkin-config.cmake
[0.874s] 
[0.875s]   Add the installation prefix of "catkin" to CMAKE_PREFIX_PATH or set
[0.875s]   "catkin_DIR" to a directory containing one of the above files.  If "catkin"
[0.875s]   provides a separate development package or SDK, be sure it has been
[0.875s]   installed.
[0.875s] 
[0.875s] [0m
[0.875s] -- Configuring incomplete, errors occurred!
[0.884s] Invoked command in '/home/coffee/Documents/Studium/TU/bachelorarbeit/tuw_iwos/build/tuw_iwos_launches' returned '1': DEBUGINFOD_URLS=https://debuginfod.ubuntu.com /usr/bin/cmake /home/coffee/Documents/Studium/TU/bachelorarbeit/tuw_iwos/src/tuw_iwos_launches -DCATKIN_INSTALL_INTO_PREFIX_ROOT=0 -DCMAKE_INSTALL_PREFIX=/home/coffee/Documents/Studium/TU/bachelorarbeit/tuw_iwos/install/tuw_iwos_launches
