-- Install configuration: ""
-- Up-to-date: /home/coffee/Documents/Studium/TU/bachelorarbeit/tuw_iwos/install/tuw_iwos_robot_description/share/tuw_iwos_robot_description//launch
-- Up-to-date: /home/coffee/Documents/Studium/TU/bachelorarbeit/tuw_iwos/install/tuw_iwos_robot_description/share/tuw_iwos_robot_description//launch/robot_description_devel.launch.xml
-- Up-to-date: /home/coffee/Documents/Studium/TU/bachelorarbeit/tuw_iwos/install/tuw_iwos_robot_description/share/tuw_iwos_robot_description//launch/robot_state_publisher.launch.xml
-- Up-to-date: /home/coffee/Documents/Studium/TU/bachelorarbeit/tuw_iwos/install/tuw_iwos_robot_description/share/tuw_iwos_robot_description/resources
-- Up-to-date: /home/coffee/Documents/Studium/TU/bachelorarbeit/tuw_iwos/install/tuw_iwos_robot_description/share/tuw_iwos_robot_description/resources/mesh
-- Up-to-date: /home/coffee/Documents/Studium/TU/bachelorarbeit/tuw_iwos/install/tuw_iwos_robot_description/share/tuw_iwos_robot_description/resources/mesh/wheel_link.dae
-- Up-to-date: /home/coffee/Documents/Studium/TU/bachelorarbeit/tuw_iwos/install/tuw_iwos_robot_description/share/tuw_iwos_robot_description/resources/mesh/fork_link.dae
-- Up-to-date: /home/coffee/Documents/Studium/TU/bachelorarbeit/tuw_iwos/install/tuw_iwos_robot_description/share/tuw_iwos_robot_description/rviz
-- Up-to-date: /home/coffee/Documents/Studium/TU/bachelorarbeit/tuw_iwos/install/tuw_iwos_robot_description/share/tuw_iwos_robot_description/rviz/urdf.rviz
-- Up-to-date: /home/coffee/Documents/Studium/TU/bachelorarbeit/tuw_iwos/install/tuw_iwos_robot_description/share/tuw_iwos_robot_description/urdf
-- Installing: /home/coffee/Documents/Studium/TU/bachelorarbeit/tuw_iwos/install/tuw_iwos_robot_description/share/tuw_iwos_robot_description/urdf/iwos.xml
-- Up-to-date: /home/coffee/Documents/Studium/TU/bachelorarbeit/tuw_iwos/install/tuw_iwos_robot_description/share/ament_index/resource_index/package_run_dependencies/tuw_iwos_robot_description
-- Up-to-date: /home/coffee/Documents/Studium/TU/bachelorarbeit/tuw_iwos/install/tuw_iwos_robot_description/share/ament_index/resource_index/parent_prefix_path/tuw_iwos_robot_description
-- Up-to-date: /home/coffee/Documents/Studium/TU/bachelorarbeit/tuw_iwos/install/tuw_iwos_robot_description/share/tuw_iwos_robot_description/environment/ament_prefix_path.sh
-- Up-to-date: /home/coffee/Documents/Studium/TU/bachelorarbeit/tuw_iwos/install/tuw_iwos_robot_description/share/tuw_iwos_robot_description/environment/ament_prefix_path.dsv
-- Up-to-date: /home/coffee/Documents/Studium/TU/bachelorarbeit/tuw_iwos/install/tuw_iwos_robot_description/share/tuw_iwos_robot_description/environment/path.sh
-- Up-to-date: /home/coffee/Documents/Studium/TU/bachelorarbeit/tuw_iwos/install/tuw_iwos_robot_description/share/tuw_iwos_robot_description/environment/path.dsv
-- Up-to-date: /home/coffee/Documents/Studium/TU/bachelorarbeit/tuw_iwos/install/tuw_iwos_robot_description/share/tuw_iwos_robot_description/local_setup.bash
-- Up-to-date: /home/coffee/Documents/Studium/TU/bachelorarbeit/tuw_iwos/install/tuw_iwos_robot_description/share/tuw_iwos_robot_description/local_setup.sh
-- Up-to-date: /home/coffee/Documents/Studium/TU/bachelorarbeit/tuw_iwos/install/tuw_iwos_robot_description/share/tuw_iwos_robot_description/local_setup.zsh
-- Up-to-date: /home/coffee/Documents/Studium/TU/bachelorarbeit/tuw_iwos/install/tuw_iwos_robot_description/share/tuw_iwos_robot_description/local_setup.dsv
-- Installing: /home/coffee/Documents/Studium/TU/bachelorarbeit/tuw_iwos/install/tuw_iwos_robot_description/share/tuw_iwos_robot_description/package.dsv
-- Up-to-date: /home/coffee/Documents/Studium/TU/bachelorarbeit/tuw_iwos/install/tuw_iwos_robot_description/share/ament_index/resource_index/packages/tuw_iwos_robot_description
-- Up-to-date: /home/coffee/Documents/Studium/TU/bachelorarbeit/tuw_iwos/install/tuw_iwos_robot_description/share/tuw_iwos_robot_description/cmake/tuw_iwos_robot_descriptionConfig.cmake
-- Up-to-date: /home/coffee/Documents/Studium/TU/bachelorarbeit/tuw_iwos/install/tuw_iwos_robot_description/share/tuw_iwos_robot_description/cmake/tuw_iwos_robot_descriptionConfig-version.cmake
-- Up-to-date: /home/coffee/Documents/Studium/TU/bachelorarbeit/tuw_iwos/install/tuw_iwos_robot_description/share/tuw_iwos_robot_description/package.xml
