-- Install configuration: ""
-- Up-to-date: /home/coffee/Documents/Studium/TU/bachelorarbeit/tuw_iwos/install/tuw_iwos_hardware/share/tuw_iwos_hardware/launch
-- Installing: /home/coffee/Documents/Studium/TU/bachelorarbeit/tuw_iwos/install/tuw_iwos_hardware/share/tuw_iwos_hardware/launch/hardware.launch.xml
-- Up-to-date: /home/coffee/Documents/Studium/TU/bachelorarbeit/tuw_iwos/install/tuw_iwos_hardware/share/tuw_iwos_hardware/launch/old.hardware.launch.xml
-- Up-to-date: /home/coffee/Documents/Studium/TU/bachelorarbeit/tuw_iwos/install/tuw_iwos_hardware/share/tuw_iwos_hardware/bringup
-- Up-to-date: /home/coffee/Documents/Studium/TU/bachelorarbeit/tuw_iwos/install/tuw_iwos_hardware/share/tuw_iwos_hardware/bringup/controller.yaml
-- Up-to-date: /home/coffee/Documents/Studium/TU/bachelorarbeit/tuw_iwos/install/tuw_iwos_hardware/share/ament_index/resource_index/package_run_dependencies/tuw_iwos_hardware
-- Up-to-date: /home/coffee/Documents/Studium/TU/bachelorarbeit/tuw_iwos/install/tuw_iwos_hardware/share/ament_index/resource_index/parent_prefix_path/tuw_iwos_hardware
-- Up-to-date: /home/coffee/Documents/Studium/TU/bachelorarbeit/tuw_iwos/install/tuw_iwos_hardware/share/tuw_iwos_hardware/environment/ament_prefix_path.sh
-- Up-to-date: /home/coffee/Documents/Studium/TU/bachelorarbeit/tuw_iwos/install/tuw_iwos_hardware/share/tuw_iwos_hardware/environment/ament_prefix_path.dsv
-- Up-to-date: /home/coffee/Documents/Studium/TU/bachelorarbeit/tuw_iwos/install/tuw_iwos_hardware/share/tuw_iwos_hardware/environment/path.sh
-- Up-to-date: /home/coffee/Documents/Studium/TU/bachelorarbeit/tuw_iwos/install/tuw_iwos_hardware/share/tuw_iwos_hardware/environment/path.dsv
-- Up-to-date: /home/coffee/Documents/Studium/TU/bachelorarbeit/tuw_iwos/install/tuw_iwos_hardware/share/tuw_iwos_hardware/local_setup.bash
-- Up-to-date: /home/coffee/Documents/Studium/TU/bachelorarbeit/tuw_iwos/install/tuw_iwos_hardware/share/tuw_iwos_hardware/local_setup.sh
-- Up-to-date: /home/coffee/Documents/Studium/TU/bachelorarbeit/tuw_iwos/install/tuw_iwos_hardware/share/tuw_iwos_hardware/local_setup.zsh
-- Up-to-date: /home/coffee/Documents/Studium/TU/bachelorarbeit/tuw_iwos/install/tuw_iwos_hardware/share/tuw_iwos_hardware/local_setup.dsv
-- Installing: /home/coffee/Documents/Studium/TU/bachelorarbeit/tuw_iwos/install/tuw_iwos_hardware/share/tuw_iwos_hardware/package.dsv
-- Up-to-date: /home/coffee/Documents/Studium/TU/bachelorarbeit/tuw_iwos/install/tuw_iwos_hardware/share/ament_index/resource_index/packages/tuw_iwos_hardware
-- Up-to-date: /home/coffee/Documents/Studium/TU/bachelorarbeit/tuw_iwos/install/tuw_iwos_hardware/share/tuw_iwos_hardware/cmake/tuw_iwos_hardwareConfig.cmake
-- Up-to-date: /home/coffee/Documents/Studium/TU/bachelorarbeit/tuw_iwos/install/tuw_iwos_hardware/share/tuw_iwos_hardware/cmake/tuw_iwos_hardwareConfig-version.cmake
-- Up-to-date: /home/coffee/Documents/Studium/TU/bachelorarbeit/tuw_iwos/install/tuw_iwos_hardware/share/tuw_iwos_hardware/package.xml
