[0.011s] Invoking command in '/home/coffee/Documents/Studium/TU/bachelorarbeit/tuw_iwos/build/tuw_iwos_robot_description': DEBUGINFOD_URLS=https://debuginfod.ubuntu.com /usr/bin/cmake /home/coffee/Documents/Studium/TU/bachelorarbeit/tuw_iwos/src/tuw_iwos_robot_description -DCATKIN_INSTALL_INTO_PREFIX_ROOT=0 -DCMAKE_INSTALL_PREFIX=/home/coffee/Documents/Studium/TU/bachelorarbeit/tuw_iwos/install/tuw_iwos_robot_description
[0.075s] -- The C compiler identification is GNU 13.3.0
[0.136s] -- The CXX compiler identification is GNU 13.3.0
[0.150s] -- Detecting C compiler ABI info
[0.227s] -- Detecting C compiler ABI info - done
[0.232s] -- Check for working C compiler: /usr/bin/cc - skipped
[0.233s] -- Detecting C compile features
[0.234s] -- Detecting C compile features - done
[0.243s] -- Detecting CXX compiler ABI info
[0.329s] -- Detecting CXX compiler ABI info - done
[0.337s] -- Check for working CXX compiler: /usr/bin/c++ - skipped
[0.337s] -- Detecting CXX compile features
[0.337s] -- Detecting CXX compile features - done
[0.340s] -- Found ament_cmake: 2.5.6 (/opt/ros/jazzy/share/ament_cmake/cmake)
[0.479s] -- Found Python3: /usr/bin/python3 (found version "3.12.3") found components: Interpreter 
[0.600s] -- Found ament_lint_auto: 0.17.5 (/opt/ros/jazzy/share/ament_lint_auto/cmake)
[0.663s] -- Configuring done (0.6s)
[0.664s] -- Generating done (0.0s)
[0.665s] [33mCMake Warning:
[0.665s]   Manually-specified variables were not used by the project:
[0.665s] 
[0.665s]     CATKIN_INSTALL_INTO_PREFIX_ROOT
[0.665s] 
[0.665s] [0m
[0.666s] -- Build files have been written to: /home/coffee/Documents/Studium/TU/bachelorarbeit/tuw_iwos/build/tuw_iwos_robot_description
[0.670s] Invoked command in '/home/coffee/Documents/Studium/TU/bachelorarbeit/tuw_iwos/build/tuw_iwos_robot_description' returned '0': DEBUGINFOD_URLS=https://debuginfod.ubuntu.com /usr/bin/cmake /home/coffee/Documents/Studium/TU/bachelorarbeit/tuw_iwos/src/tuw_iwos_robot_description -DCATKIN_INSTALL_INTO_PREFIX_ROOT=0 -DCMAKE_INSTALL_PREFIX=/home/coffee/Documents/Studium/TU/bachelorarbeit/tuw_iwos/install/tuw_iwos_robot_description
[0.671s] Invoking command in '/home/coffee/Documents/Studium/TU/bachelorarbeit/tuw_iwos/build/tuw_iwos_robot_description': DEBUGINFOD_URLS=https://debuginfod.ubuntu.com /usr/bin/cmake --build /home/coffee/Documents/Studium/TU/bachelorarbeit/tuw_iwos/build/tuw_iwos_robot_description -- -j14 -l14
[0.705s] Invoked command in '/home/coffee/Documents/Studium/TU/bachelorarbeit/tuw_iwos/build/tuw_iwos_robot_description' returned '0': DEBUGINFOD_URLS=https://debuginfod.ubuntu.com /usr/bin/cmake --build /home/coffee/Documents/Studium/TU/bachelorarbeit/tuw_iwos/build/tuw_iwos_robot_description -- -j14 -l14
[0.716s] Invoking command in '/home/coffee/Documents/Studium/TU/bachelorarbeit/tuw_iwos/build/tuw_iwos_robot_description': DEBUGINFOD_URLS=https://debuginfod.ubuntu.com /usr/bin/cmake --install /home/coffee/Documents/Studium/TU/bachelorarbeit/tuw_iwos/build/tuw_iwos_robot_description
[0.724s] -- Install configuration: ""
[0.724s] -- Installing: /home/coffee/Documents/Studium/TU/bachelorarbeit/tuw_iwos/install/tuw_iwos_robot_description/share/tuw_iwos_robot_description//launch
[0.725s] -- Installing: /home/coffee/Documents/Studium/TU/bachelorarbeit/tuw_iwos/install/tuw_iwos_robot_description/share/tuw_iwos_robot_description//launch/robot_description_devel.launch.xml
[0.725s] -- Installing: /home/coffee/Documents/Studium/TU/bachelorarbeit/tuw_iwos/install/tuw_iwos_robot_description/share/tuw_iwos_robot_description//launch/robot_state_publisher.launch.xml
[0.725s] -- Installing: /home/coffee/Documents/Studium/TU/bachelorarbeit/tuw_iwos/install/tuw_iwos_robot_description/share/tuw_iwos_robot_description//launch/robot_description_publisher.launch.xml
[0.725s] -- Installing: /home/coffee/Documents/Studium/TU/bachelorarbeit/tuw_iwos/install/tuw_iwos_robot_description/share/tuw_iwos_robot_description//resources
[0.725s] -- Installing: /home/coffee/Documents/Studium/TU/bachelorarbeit/tuw_iwos/install/tuw_iwos_robot_description/share/tuw_iwos_robot_description//resources/mesh
[0.725s] -- Installing: /home/coffee/Documents/Studium/TU/bachelorarbeit/tuw_iwos/install/tuw_iwos_robot_description/share/tuw_iwos_robot_description//resources/mesh/wheel_link.dae
[0.727s] -- Installing: /home/coffee/Documents/Studium/TU/bachelorarbeit/tuw_iwos/install/tuw_iwos_robot_description/share/tuw_iwos_robot_description//resources/mesh/fork_link.dae
[0.730s] -- Installing: /home/coffee/Documents/Studium/TU/bachelorarbeit/tuw_iwos/install/tuw_iwos_robot_description/share/tuw_iwos_robot_description//rviz
[0.731s] -- Installing: /home/coffee/Documents/Studium/TU/bachelorarbeit/tuw_iwos/install/tuw_iwos_robot_description/share/tuw_iwos_robot_description//rviz/urdf.rviz
[0.731s] -- Installing: /home/coffee/Documents/Studium/TU/bachelorarbeit/tuw_iwos/install/tuw_iwos_robot_description/share/tuw_iwos_robot_description//urdf
[0.731s] -- Installing: /home/coffee/Documents/Studium/TU/bachelorarbeit/tuw_iwos/install/tuw_iwos_robot_description/share/tuw_iwos_robot_description//urdf/iwos.xml
[0.731s] -- Installing: /home/coffee/Documents/Studium/TU/bachelorarbeit/tuw_iwos/install/tuw_iwos_robot_description/share/ament_index/resource_index/package_run_dependencies/tuw_iwos_robot_description
[0.731s] -- Installing: /home/coffee/Documents/Studium/TU/bachelorarbeit/tuw_iwos/install/tuw_iwos_robot_description/share/ament_index/resource_index/parent_prefix_path/tuw_iwos_robot_description
[0.731s] -- Installing: /home/coffee/Documents/Studium/TU/bachelorarbeit/tuw_iwos/install/tuw_iwos_robot_description/share/tuw_iwos_robot_description/environment/ament_prefix_path.sh
[0.731s] -- Installing: /home/coffee/Documents/Studium/TU/bachelorarbeit/tuw_iwos/install/tuw_iwos_robot_description/share/tuw_iwos_robot_description/environment/ament_prefix_path.dsv
[0.731s] -- Installing: /home/coffee/Documents/Studium/TU/bachelorarbeit/tuw_iwos/install/tuw_iwos_robot_description/share/tuw_iwos_robot_description/environment/path.sh
[0.731s] -- Installing: /home/coffee/Documents/Studium/TU/bachelorarbeit/tuw_iwos/install/tuw_iwos_robot_description/share/tuw_iwos_robot_description/environment/path.dsv
[0.731s] -- Installing: /home/coffee/Documents/Studium/TU/bachelorarbeit/tuw_iwos/install/tuw_iwos_robot_description/share/tuw_iwos_robot_description/local_setup.bash
[0.731s] -- Installing: /home/coffee/Documents/Studium/TU/bachelorarbeit/tuw_iwos/install/tuw_iwos_robot_description/share/tuw_iwos_robot_description/local_setup.sh
[0.731s] -- Installing: /home/coffee/Documents/Studium/TU/bachelorarbeit/tuw_iwos/install/tuw_iwos_robot_description/share/tuw_iwos_robot_description/local_setup.zsh
[0.731s] -- Installing: /home/coffee/Documents/Studium/TU/bachelorarbeit/tuw_iwos/install/tuw_iwos_robot_description/share/tuw_iwos_robot_description/local_setup.dsv
[0.731s] -- Installing: /home/coffee/Documents/Studium/TU/bachelorarbeit/tuw_iwos/install/tuw_iwos_robot_description/share/tuw_iwos_robot_description/package.dsv
[0.731s] -- Installing: /home/coffee/Documents/Studium/TU/bachelorarbeit/tuw_iwos/install/tuw_iwos_robot_description/share/ament_index/resource_index/packages/tuw_iwos_robot_description
[0.732s] -- Installing: /home/coffee/Documents/Studium/TU/bachelorarbeit/tuw_iwos/install/tuw_iwos_robot_description/share/tuw_iwos_robot_description/cmake/tuw_iwos_robot_descriptionConfig.cmake
[0.732s] -- Installing: /home/coffee/Documents/Studium/TU/bachelorarbeit/tuw_iwos/install/tuw_iwos_robot_description/share/tuw_iwos_robot_description/cmake/tuw_iwos_robot_descriptionConfig-version.cmake
[0.732s] -- Installing: /home/coffee/Documents/Studium/TU/bachelorarbeit/tuw_iwos/install/tuw_iwos_robot_description/share/tuw_iwos_robot_description/package.xml
[0.733s] Invoked command in '/home/coffee/Documents/Studium/TU/bachelorarbeit/tuw_iwos/build/tuw_iwos_robot_description' returned '0': DEBUGINFOD_URLS=https://debuginfod.ubuntu.com /usr/bin/cmake --install /home/coffee/Documents/Studium/TU/bachelorarbeit/tuw_iwos/build/tuw_iwos_robot_description
