[0.054s] Invoking command in '/home/coffee/Documents/Studium/TU/bachelorarbeit/tuw_iwos/build/tuw_iwos_tools': DEBUGINFOD_URLS=https://debuginfod.ubuntu.com /usr/bin/cmake /home/coffee/Documents/Studium/TU/bachelorarbeit/tuw_iwos/src/tuw_iwos_tools -DCATKIN_INSTALL_INTO_PREFIX_ROOT=0 -DCMAKE_INSTALL_PREFIX=/home/coffee/Documents/Studium/TU/bachelorarbeit/tuw_iwos/install/tuw_iwos_tools
[0.132s] [0mCMake Deprecation Warning at CMakeLists.txt:1 (cmake_minimum_required):
[0.132s]   Compatibility with CMake < 3.5 will be removed from a future version of
[0.132s]   CMake.
[0.132s] 
[0.133s]   Update the VERSION argument <min> value or use a ...<max> suffix to tell
[0.133s]   CMake that the project does not need compatibility with older versions.
[0.133s] 
[0.133s] [0m
[0.303s] -- The C compiler identification is GNU 13.3.0
[0.460s] -- The CXX compiler identification is GNU 13.3.0
[0.497s] -- Detecting C compiler ABI info
[0.660s] -- Detecting C compiler ABI info - done
[0.679s] -- Check for working C compiler: /usr/bin/cc - skipped
[0.680s] -- Detecting C compile features
[0.681s] -- Detecting C compile features - done
[0.697s] -- Detecting CXX compiler ABI info
[0.860s] -- Detecting CXX compiler ABI info - done
[0.874s] -- Check for working CXX compiler: /usr/bin/c++ - skipped
[0.875s] -- Detecting CXX compile features
[0.876s] -- Detecting CXX compile features - done
[0.914s] [31mCMake Error at CMakeLists.txt:6 (find_package):
[0.914s]   By not providing "Findcatkin.cmake" in CMAKE_MODULE_PATH this project has
[0.914s]   asked CMake to find a package configuration file provided by "catkin", but
[0.914s]   CMake did not find one.
[0.914s] 
[0.914s]   Could not find a package configuration file provided by "catkin" with any
[0.914s]   of the following names:
[0.915s] 
[0.915s]     catkinConfig.cmake
[0.915s]     catkin-config.cmake
[0.915s] 
[0.915s]   Add the installation prefix of "catkin" to CMAKE_PREFIX_PATH or set
[0.915s]   "catkin_DIR" to a directory containing one of the above files.  If "catkin"
[0.915s]   provides a separate development package or SDK, be sure it has been
[0.915s]   installed.
[0.916s] 
[0.916s] [0m
[0.916s] -- Configuring incomplete, errors occurred!
[0.923s] Invoked command in '/home/coffee/Documents/Studium/TU/bachelorarbeit/tuw_iwos/build/tuw_iwos_tools' returned '1': DEBUGINFOD_URLS=https://debuginfod.ubuntu.com /usr/bin/cmake /home/coffee/Documents/Studium/TU/bachelorarbeit/tuw_iwos/src/tuw_iwos_tools -DCATKIN_INSTALL_INTO_PREFIX_ROOT=0 -DCMAKE_INSTALL_PREFIX=/home/coffee/Documents/Studium/TU/bachelorarbeit/tuw_iwos/install/tuw_iwos_tools
