[0.036s] Invoking command in '/home/coffee/Documents/Studium/TU/bachelorarbeit/tuw_iwos/build/tuw_iwos_hardware_broker': DEBUGINFOD_URLS=https://debuginfod.ubuntu.com /usr/bin/cmake /home/coffee/Documents/Studium/TU/bachelorarbeit/tuw_iwos/src/tuw_iwos_hardware_broker -DCATKIN_INSTALL_INTO_PREFIX_ROOT=0 -DCMAKE_INSTALL_PREFIX=/home/coffee/Documents/Studium/TU/bachelorarbeit/tuw_iwos/install/tuw_iwos_hardware_broker
[0.099s] [0mCMake Deprecation Warning at CMakeLists.txt:1 (cmake_minimum_required):
[0.099s]   Compatibility with CMake < 3.5 will be removed from a future version of
[0.099s]   CMake.
[0.099s] 
[0.099s]   Update the VERSION argument <min> value or use a ...<max> suffix to tell
[0.099s]   CMake that the project does not need compatibility with older versions.
[0.099s] 
[0.100s] [0m
[0.271s] -- The C compiler identification is GNU 13.3.0
[0.434s] -- The CXX compiler identification is GNU 13.3.0
[0.466s] -- Detecting C compiler ABI info
[0.620s] -- Detecting C compiler ABI info - done
[0.639s] -- Check for working C compiler: /usr/bin/cc - skipped
[0.639s] -- Detecting C compile features
[0.640s] -- Detecting C compile features - done
[0.658s] -- Detecting CXX compiler ABI info
[0.828s] -- Detecting CXX compiler ABI info - done
[0.843s] -- Check for working CXX compiler: /usr/bin/c++ - skipped
[0.844s] -- Detecting CXX compile features
[0.844s] -- Detecting CXX compile features - done
[0.881s] [31mCMake Error at CMakeLists.txt:4 (find_package):
[0.881s]   By not providing "Findcatkin.cmake" in CMAKE_MODULE_PATH this project has
[0.881s]   asked CMake to find a package configuration file provided by "catkin", but
[0.881s]   CMake did not find one.
[0.881s] 
[0.881s]   Could not find a package configuration file provided by "catkin" with any
[0.881s]   of the following names:
[0.881s] 
[0.882s]     catkinConfig.cmake
[0.882s]     catkin-config.cmake
[0.882s] 
[0.882s]   Add the installation prefix of "catkin" to CMAKE_PREFIX_PATH or set
[0.882s]   "catkin_DIR" to a directory containing one of the above files.  If "catkin"
[0.882s]   provides a separate development package or SDK, be sure it has been
[0.882s]   installed.
[0.882s] 
[0.882s] [0m
[0.882s] -- Configuring incomplete, errors occurred!
[0.887s] Invoked command in '/home/coffee/Documents/Studium/TU/bachelorarbeit/tuw_iwos/build/tuw_iwos_hardware_broker' returned '1': DEBUGINFOD_URLS=https://debuginfod.ubuntu.com /usr/bin/cmake /home/coffee/Documents/Studium/TU/bachelorarbeit/tuw_iwos/src/tuw_iwos_hardware_broker -DCATKIN_INSTALL_INTO_PREFIX_ROOT=0 -DCMAKE_INSTALL_PREFIX=/home/coffee/Documents/Studium/TU/bachelorarbeit/tuw_iwos/install/tuw_iwos_hardware_broker
