[0.075s] DEBUG:colcon:Command line arguments: ['/usr/bin/colcon', 'build', '--packages-select', 'tuw_iwos_robot_description']
[0.075s] DEBUG:colcon:Parsed command line arguments: Namespace(log_base=None, log_level=None, verb_name='build', build_base='build', install_base='install', merge_install=False, symlink_install=False, test_result_base=None, continue_on_error=False, executor='parallel', parallel_workers=14, event_handlers=None, ignore_user_meta=False, metas=['./colcon.meta'], base_paths=['.'], packages_ignore=None, packages_ignore_regex=None, paths=None, packages_up_to=None, packages_up_to_regex=None, packages_above=None, packages_above_and_dependencies=None, packages_above_depth=None, packages_select_by_dep=None, packages_skip_by_dep=None, packages_skip_up_to=None, packages_select_build_failed=False, packages_skip_build_finished=False, packages_select_test_failures=False, packages_skip_test_passed=False, packages_select=['tuw_iwos_robot_description'], packages_skip=None, packages_select_regex=None, packages_skip_regex=None, packages_start=None, packages_end=None, allow_overriding=[], cmake_args=None, cmake_target=None, cmake_target_skip_unavailable=False, cmake_clean_cache=False, cmake_clean_first=False, cmake_force_configure=False, ament_cmake_args=None, catkin_cmake_args=None, catkin_skip_building_tests=False, mixin_files=None, mixin=None, verb_parser=<colcon_mixin.mixin.mixin_argument.MixinArgumentDecorator object at 0x750814376c60>, verb_extension=<colcon_core.verb.build.BuildVerb object at 0x7508143a8c50>, main=<bound method BuildVerb.main of <colcon_core.verb.build.BuildVerb object at 0x7508143a8c50>>, mixin_verb=('build',))
[0.096s] Level 1:colcon.colcon_core.package_discovery:discover_packages(colcon_meta) check parameters
[0.096s] Level 1:colcon.colcon_core.package_discovery:discover_packages(recursive) check parameters
[0.096s] Level 1:colcon.colcon_core.package_discovery:discover_packages(ignore) check parameters
[0.096s] Level 1:colcon.colcon_core.package_discovery:discover_packages(path) check parameters
[0.096s] Level 1:colcon.colcon_core.package_discovery:discover_packages(colcon_meta) discover
[0.096s] Level 1:colcon.colcon_core.package_discovery:discover_packages(recursive) discover
[0.096s] INFO:colcon.colcon_core.package_discovery:Crawling recursively for packages in '/home/coffee/Documents/Studium/TU/bachelorarbeit/tuw_iwos'
[0.096s] Level 1:colcon.colcon_core.package_identification:_identify(.) by extensions ['ignore', 'ignore_ament_install']
[0.096s] Level 1:colcon.colcon_core.package_identification:_identify(.) by extension 'ignore'
[0.096s] Level 1:colcon.colcon_core.package_identification:_identify(.) by extension 'ignore_ament_install'
[0.096s] Level 1:colcon.colcon_core.package_identification:_identify(.) by extensions ['colcon_pkg']
[0.096s] Level 1:colcon.colcon_core.package_identification:_identify(.) by extension 'colcon_pkg'
[0.096s] Level 1:colcon.colcon_core.package_identification:_identify(.) by extensions ['colcon_meta']
[0.096s] Level 1:colcon.colcon_core.package_identification:_identify(.) by extension 'colcon_meta'
[0.096s] Level 1:colcon.colcon_core.package_identification:_identify(.) by extensions ['ros']
[0.096s] Level 1:colcon.colcon_core.package_identification:_identify(.) by extension 'ros'
[0.111s] Level 1:colcon.colcon_core.package_identification:_identify(.) by extensions ['cmake', 'python']
[0.111s] Level 1:colcon.colcon_core.package_identification:_identify(.) by extension 'cmake'
[0.111s] Level 1:colcon.colcon_core.package_identification:_identify(.) by extension 'python'
[0.111s] Level 1:colcon.colcon_core.package_identification:_identify(.) by extensions ['python_setup_py']
[0.111s] Level 1:colcon.colcon_core.package_identification:_identify(.) by extension 'python_setup_py'
[0.111s] Level 1:colcon.colcon_core.package_identification:_identify(build) by extensions ['ignore', 'ignore_ament_install']
[0.111s] Level 1:colcon.colcon_core.package_identification:_identify(build) by extension 'ignore'
[0.111s] Level 1:colcon.colcon_core.package_identification:_identify(build) ignored
[0.112s] Level 1:colcon.colcon_core.package_identification:_identify(install) by extensions ['ignore', 'ignore_ament_install']
[0.112s] Level 1:colcon.colcon_core.package_identification:_identify(install) by extension 'ignore'
[0.112s] Level 1:colcon.colcon_core.package_identification:_identify(install) ignored
[0.112s] Level 1:colcon.colcon_core.package_identification:_identify(log) by extensions ['ignore', 'ignore_ament_install']
[0.112s] Level 1:colcon.colcon_core.package_identification:_identify(log) by extension 'ignore'
[0.112s] Level 1:colcon.colcon_core.package_identification:_identify(log) ignored
[0.112s] Level 1:colcon.colcon_core.package_identification:_identify(src) by extensions ['ignore', 'ignore_ament_install']
[0.112s] Level 1:colcon.colcon_core.package_identification:_identify(src) by extension 'ignore'
[0.112s] Level 1:colcon.colcon_core.package_identification:_identify(src) by extension 'ignore_ament_install'
[0.112s] Level 1:colcon.colcon_core.package_identification:_identify(src) by extensions ['colcon_pkg']
[0.112s] Level 1:colcon.colcon_core.package_identification:_identify(src) by extension 'colcon_pkg'
[0.112s] Level 1:colcon.colcon_core.package_identification:_identify(src) by extensions ['colcon_meta']
[0.112s] Level 1:colcon.colcon_core.package_identification:_identify(src) by extension 'colcon_meta'
[0.112s] Level 1:colcon.colcon_core.package_identification:_identify(src) by extensions ['ros']
[0.112s] Level 1:colcon.colcon_core.package_identification:_identify(src) by extension 'ros'
[0.112s] Level 1:colcon.colcon_core.package_identification:_identify(src) by extensions ['cmake', 'python']
[0.112s] Level 1:colcon.colcon_core.package_identification:_identify(src) by extension 'cmake'
[0.112s] Level 1:colcon.colcon_core.package_identification:_identify(src) by extension 'python'
[0.112s] Level 1:colcon.colcon_core.package_identification:_identify(src) by extensions ['python_setup_py']
[0.112s] Level 1:colcon.colcon_core.package_identification:_identify(src) by extension 'python_setup_py'
[0.112s] Level 1:colcon.colcon_core.package_identification:_identify(src/tuw_iwos) by extensions ['ignore', 'ignore_ament_install']
[0.112s] Level 1:colcon.colcon_core.package_identification:_identify(src/tuw_iwos) by extension 'ignore'
[0.112s] Level 1:colcon.colcon_core.package_identification:_identify(src/tuw_iwos) by extension 'ignore_ament_install'
[0.112s] Level 1:colcon.colcon_core.package_identification:_identify(src/tuw_iwos) by extensions ['colcon_pkg']
[0.112s] Level 1:colcon.colcon_core.package_identification:_identify(src/tuw_iwos) by extension 'colcon_pkg'
[0.112s] Level 1:colcon.colcon_core.package_identification:_identify(src/tuw_iwos) by extensions ['colcon_meta']
[0.112s] Level 1:colcon.colcon_core.package_identification:_identify(src/tuw_iwos) by extension 'colcon_meta'
[0.112s] Level 1:colcon.colcon_core.package_identification:_identify(src/tuw_iwos) by extensions ['ros']
[0.112s] Level 1:colcon.colcon_core.package_identification:_identify(src/tuw_iwos) by extension 'ros'
[0.114s] DEBUG:colcon.colcon_core.package_identification:Package 'src/tuw_iwos' with type 'ros.ament_cmake' and name 'tuw_iwos'
[0.114s] Level 1:colcon.colcon_core.package_identification:_identify(src/tuw_iwos_hardware) by extensions ['ignore', 'ignore_ament_install']
[0.114s] Level 1:colcon.colcon_core.package_identification:_identify(src/tuw_iwos_hardware) by extension 'ignore'
[0.114s] Level 1:colcon.colcon_core.package_identification:_identify(src/tuw_iwos_hardware) by extension 'ignore_ament_install'
[0.114s] Level 1:colcon.colcon_core.package_identification:_identify(src/tuw_iwos_hardware) by extensions ['colcon_pkg']
[0.114s] Level 1:colcon.colcon_core.package_identification:_identify(src/tuw_iwos_hardware) by extension 'colcon_pkg'
[0.114s] Level 1:colcon.colcon_core.package_identification:_identify(src/tuw_iwos_hardware) by extensions ['colcon_meta']
[0.114s] Level 1:colcon.colcon_core.package_identification:_identify(src/tuw_iwos_hardware) by extension 'colcon_meta'
[0.114s] Level 1:colcon.colcon_core.package_identification:_identify(src/tuw_iwos_hardware) by extensions ['ros']
[0.114s] Level 1:colcon.colcon_core.package_identification:_identify(src/tuw_iwos_hardware) by extension 'ros'
[0.114s] DEBUG:colcon.colcon_core.package_identification:Package 'src/tuw_iwos_hardware' with type 'ros.ament_cmake' and name 'tuw_iwos_hardware'
[0.114s] Level 1:colcon.colcon_core.package_identification:_identify(src/tuw_iwos_hardware_broker) by extensions ['ignore', 'ignore_ament_install']
[0.114s] Level 1:colcon.colcon_core.package_identification:_identify(src/tuw_iwos_hardware_broker) by extension 'ignore'
[0.114s] Level 1:colcon.colcon_core.package_identification:_identify(src/tuw_iwos_hardware_broker) by extension 'ignore_ament_install'
[0.114s] Level 1:colcon.colcon_core.package_identification:_identify(src/tuw_iwos_hardware_broker) by extensions ['colcon_pkg']
[0.114s] Level 1:colcon.colcon_core.package_identification:_identify(src/tuw_iwos_hardware_broker) by extension 'colcon_pkg'
[0.114s] Level 1:colcon.colcon_core.package_identification:_identify(src/tuw_iwos_hardware_broker) by extensions ['colcon_meta']
[0.114s] Level 1:colcon.colcon_core.package_identification:_identify(src/tuw_iwos_hardware_broker) by extension 'colcon_meta'
[0.115s] Level 1:colcon.colcon_core.package_identification:_identify(src/tuw_iwos_hardware_broker) by extensions ['ros']
[0.115s] Level 1:colcon.colcon_core.package_identification:_identify(src/tuw_iwos_hardware_broker) by extension 'ros'
[0.115s] DEBUG:colcon.colcon_core.package_identification:Package 'src/tuw_iwos_hardware_broker' with type 'ros.catkin' and name 'tuw_iwos_hardware_broker'
[0.115s] Level 1:colcon.colcon_core.package_identification:_identify(src/tuw_iwos_launches) by extensions ['ignore', 'ignore_ament_install']
[0.115s] Level 1:colcon.colcon_core.package_identification:_identify(src/tuw_iwos_launches) by extension 'ignore'
[0.115s] Level 1:colcon.colcon_core.package_identification:_identify(src/tuw_iwos_launches) by extension 'ignore_ament_install'
[0.115s] Level 1:colcon.colcon_core.package_identification:_identify(src/tuw_iwos_launches) by extensions ['colcon_pkg']
[0.115s] Level 1:colcon.colcon_core.package_identification:_identify(src/tuw_iwos_launches) by extension 'colcon_pkg'
[0.115s] Level 1:colcon.colcon_core.package_identification:_identify(src/tuw_iwos_launches) by extensions ['colcon_meta']
[0.115s] Level 1:colcon.colcon_core.package_identification:_identify(src/tuw_iwos_launches) by extension 'colcon_meta'
[0.115s] Level 1:colcon.colcon_core.package_identification:_identify(src/tuw_iwos_launches) by extensions ['ros']
[0.115s] Level 1:colcon.colcon_core.package_identification:_identify(src/tuw_iwos_launches) by extension 'ros'
[0.115s] DEBUG:colcon.colcon_core.package_identification:Package 'src/tuw_iwos_launches' with type 'ros.catkin' and name 'tuw_iwos_launches'
[0.115s] Level 1:colcon.colcon_core.package_identification:_identify(src/tuw_iwos_motion_model) by extensions ['ignore', 'ignore_ament_install']
[0.115s] Level 1:colcon.colcon_core.package_identification:_identify(src/tuw_iwos_motion_model) by extension 'ignore'
[0.115s] Level 1:colcon.colcon_core.package_identification:_identify(src/tuw_iwos_motion_model) by extension 'ignore_ament_install'
[0.115s] Level 1:colcon.colcon_core.package_identification:_identify(src/tuw_iwos_motion_model) by extensions ['colcon_pkg']
[0.115s] Level 1:colcon.colcon_core.package_identification:_identify(src/tuw_iwos_motion_model) by extension 'colcon_pkg'
[0.115s] Level 1:colcon.colcon_core.package_identification:_identify(src/tuw_iwos_motion_model) by extensions ['colcon_meta']
[0.115s] Level 1:colcon.colcon_core.package_identification:_identify(src/tuw_iwos_motion_model) by extension 'colcon_meta'
[0.115s] Level 1:colcon.colcon_core.package_identification:_identify(src/tuw_iwos_motion_model) by extensions ['ros']
[0.115s] Level 1:colcon.colcon_core.package_identification:_identify(src/tuw_iwos_motion_model) by extension 'ros'
[0.116s] DEBUG:colcon.colcon_core.package_identification:Package 'src/tuw_iwos_motion_model' with type 'ros.catkin' and name 'tuw_iwos_motion_model'
[0.116s] Level 1:colcon.colcon_core.package_identification:_identify(src/tuw_iwos_odometer) by extensions ['ignore', 'ignore_ament_install']
[0.116s] Level 1:colcon.colcon_core.package_identification:_identify(src/tuw_iwos_odometer) by extension 'ignore'
[0.116s] Level 1:colcon.colcon_core.package_identification:_identify(src/tuw_iwos_odometer) by extension 'ignore_ament_install'
[0.116s] Level 1:colcon.colcon_core.package_identification:_identify(src/tuw_iwos_odometer) by extensions ['colcon_pkg']
[0.116s] Level 1:colcon.colcon_core.package_identification:_identify(src/tuw_iwos_odometer) by extension 'colcon_pkg'
[0.116s] Level 1:colcon.colcon_core.package_identification:_identify(src/tuw_iwos_odometer) by extensions ['colcon_meta']
[0.116s] Level 1:colcon.colcon_core.package_identification:_identify(src/tuw_iwos_odometer) by extension 'colcon_meta'
[0.116s] Level 1:colcon.colcon_core.package_identification:_identify(src/tuw_iwos_odometer) by extensions ['ros']
[0.116s] Level 1:colcon.colcon_core.package_identification:_identify(src/tuw_iwos_odometer) by extension 'ros'
[0.116s] DEBUG:colcon.colcon_core.package_identification:Package 'src/tuw_iwos_odometer' with type 'ros.catkin' and name 'tuw_iwos_odometer'
[0.116s] Level 1:colcon.colcon_core.package_identification:_identify(src/tuw_iwos_robot_description) by extensions ['ignore', 'ignore_ament_install']
[0.116s] Level 1:colcon.colcon_core.package_identification:_identify(src/tuw_iwos_robot_description) by extension 'ignore'
[0.116s] Level 1:colcon.colcon_core.package_identification:_identify(src/tuw_iwos_robot_description) by extension 'ignore_ament_install'
[0.116s] Level 1:colcon.colcon_core.package_identification:_identify(src/tuw_iwos_robot_description) by extensions ['colcon_pkg']
[0.116s] Level 1:colcon.colcon_core.package_identification:_identify(src/tuw_iwos_robot_description) by extension 'colcon_pkg'
[0.116s] Level 1:colcon.colcon_core.package_identification:_identify(src/tuw_iwos_robot_description) by extensions ['colcon_meta']
[0.116s] Level 1:colcon.colcon_core.package_identification:_identify(src/tuw_iwos_robot_description) by extension 'colcon_meta'
[0.117s] Level 1:colcon.colcon_core.package_identification:_identify(src/tuw_iwos_robot_description) by extensions ['ros']
[0.117s] Level 1:colcon.colcon_core.package_identification:_identify(src/tuw_iwos_robot_description) by extension 'ros'
[0.117s] DEBUG:colcon.colcon_core.package_identification:Package 'src/tuw_iwos_robot_description' with type 'ros.ament_cmake' and name 'tuw_iwos_robot_description'
[0.117s] Level 1:colcon.colcon_core.package_identification:_identify(src/tuw_iwos_tools) by extensions ['ignore', 'ignore_ament_install']
[0.117s] Level 1:colcon.colcon_core.package_identification:_identify(src/tuw_iwos_tools) by extension 'ignore'
[0.117s] Level 1:colcon.colcon_core.package_identification:_identify(src/tuw_iwos_tools) by extension 'ignore_ament_install'
[0.117s] Level 1:colcon.colcon_core.package_identification:_identify(src/tuw_iwos_tools) by extensions ['colcon_pkg']
[0.117s] Level 1:colcon.colcon_core.package_identification:_identify(src/tuw_iwos_tools) by extension 'colcon_pkg'
[0.117s] Level 1:colcon.colcon_core.package_identification:_identify(src/tuw_iwos_tools) by extensions ['colcon_meta']
[0.117s] Level 1:colcon.colcon_core.package_identification:_identify(src/tuw_iwos_tools) by extension 'colcon_meta'
[0.117s] Level 1:colcon.colcon_core.package_identification:_identify(src/tuw_iwos_tools) by extensions ['ros']
[0.117s] Level 1:colcon.colcon_core.package_identification:_identify(src/tuw_iwos_tools) by extension 'ros'
[0.117s] DEBUG:colcon.colcon_core.package_identification:Package 'src/tuw_iwos_tools' with type 'ros.catkin' and name 'tuw_iwos_tools'
[0.117s] Level 1:colcon.colcon_core.package_discovery:discover_packages(recursive) using defaults
[0.117s] Level 1:colcon.colcon_core.package_discovery:discover_packages(ignore) discover
[0.117s] Level 1:colcon.colcon_core.package_discovery:discover_packages(ignore) using defaults
[0.117s] Level 1:colcon.colcon_core.package_discovery:discover_packages(path) discover
[0.117s] Level 1:colcon.colcon_core.package_discovery:discover_packages(path) using defaults
[0.129s] INFO:colcon.colcon_core.package_selection:Skipping not selected package 'tuw_iwos' in 'src/tuw_iwos'
[0.129s] INFO:colcon.colcon_core.package_selection:Skipping not selected package 'tuw_iwos_hardware' in 'src/tuw_iwos_hardware'
[0.129s] INFO:colcon.colcon_core.package_selection:Skipping not selected package 'tuw_iwos_hardware_broker' in 'src/tuw_iwos_hardware_broker'
[0.129s] INFO:colcon.colcon_core.package_selection:Skipping not selected package 'tuw_iwos_launches' in 'src/tuw_iwos_launches'
[0.129s] INFO:colcon.colcon_core.package_selection:Skipping not selected package 'tuw_iwos_tools' in 'src/tuw_iwos_tools'
[0.129s] INFO:colcon.colcon_core.package_selection:Skipping not selected package 'tuw_iwos_motion_model' in 'src/tuw_iwos_motion_model'
[0.129s] INFO:colcon.colcon_core.package_selection:Skipping not selected package 'tuw_iwos_odometer' in 'src/tuw_iwos_odometer'
[0.129s] Level 1:colcon.colcon_core.package_discovery:discover_packages(prefix_path) check parameters
[0.129s] Level 1:colcon.colcon_core.package_discovery:discover_packages(prefix_path) discover
[0.131s] DEBUG:colcon.colcon_installed_package_information.package_discovery:Found 435 installed packages in /opt/ros/jazzy
[0.131s] Level 1:colcon.colcon_core.package_discovery:discover_packages(prefix_path) using defaults
[0.162s] Level 5:colcon.colcon_core.verb:set package 'tuw_iwos_robot_description' build argument 'cmake_args' from command line to 'None'
[0.162s] Level 5:colcon.colcon_core.verb:set package 'tuw_iwos_robot_description' build argument 'cmake_target' from command line to 'None'
[0.162s] Level 5:colcon.colcon_core.verb:set package 'tuw_iwos_robot_description' build argument 'cmake_target_skip_unavailable' from command line to 'False'
[0.162s] Level 5:colcon.colcon_core.verb:set package 'tuw_iwos_robot_description' build argument 'cmake_clean_cache' from command line to 'False'
[0.162s] Level 5:colcon.colcon_core.verb:set package 'tuw_iwos_robot_description' build argument 'cmake_clean_first' from command line to 'False'
[0.162s] Level 5:colcon.colcon_core.verb:set package 'tuw_iwos_robot_description' build argument 'cmake_force_configure' from command line to 'False'
[0.162s] Level 5:colcon.colcon_core.verb:set package 'tuw_iwos_robot_description' build argument 'ament_cmake_args' from command line to 'None'
[0.162s] Level 5:colcon.colcon_core.verb:set package 'tuw_iwos_robot_description' build argument 'catkin_cmake_args' from command line to 'None'
[0.162s] Level 5:colcon.colcon_core.verb:set package 'tuw_iwos_robot_description' build argument 'catkin_skip_building_tests' from command line to 'False'
[0.162s] DEBUG:colcon.colcon_core.verb:Building package 'tuw_iwos_robot_description' with the following arguments: {'ament_cmake_args': None, 'build_base': '/home/coffee/Documents/Studium/TU/bachelorarbeit/tuw_iwos/build/tuw_iwos_robot_description', 'catkin_cmake_args': None, 'catkin_skip_building_tests': False, 'cmake_args': None, 'cmake_clean_cache': False, 'cmake_clean_first': False, 'cmake_force_configure': False, 'cmake_target': None, 'cmake_target_skip_unavailable': False, 'install_base': '/home/coffee/Documents/Studium/TU/bachelorarbeit/tuw_iwos/install/tuw_iwos_robot_description', 'merge_install': False, 'path': '/home/coffee/Documents/Studium/TU/bachelorarbeit/tuw_iwos/src/tuw_iwos_robot_description', 'symlink_install': False, 'test_result_base': None}
[0.162s] INFO:colcon.colcon_core.executor:Executing jobs using 'parallel' executor
[0.163s] DEBUG:colcon.colcon_parallel_executor.executor.parallel:run_until_complete
[0.163s] INFO:colcon.colcon_ros.task.ament_cmake.build:Building ROS package in '/home/coffee/Documents/Studium/TU/bachelorarbeit/tuw_iwos/src/tuw_iwos_robot_description' with build type 'ament_cmake'
[0.163s] INFO:colcon.colcon_cmake.task.cmake.build:Building CMake package in '/home/coffee/Documents/Studium/TU/bachelorarbeit/tuw_iwos/src/tuw_iwos_robot_description'
[0.164s] INFO:colcon.colcon_core.plugin_system:Skipping extension 'colcon_core.shell.bat': Not used on non-Windows systems
[0.164s] INFO:colcon.colcon_core.shell:Skip shell extension 'powershell' for command environment: Not usable outside of PowerShell
[0.164s] DEBUG:colcon.colcon_core.shell:Skip shell extension 'dsv' for command environment
[0.173s] DEBUG:colcon.colcon_core.event_handler.log_command:Invoking command in '/home/coffee/Documents/Studium/TU/bachelorarbeit/tuw_iwos/build/tuw_iwos_robot_description': CMAKE_PREFIX_PATH=${CMAKE_PREFIX_PATH}:/opt/ros/jazzy DEBUGINFOD_URLS=https://debuginfod.ubuntu.com /usr/bin/cmake --build /home/coffee/Documents/Studium/TU/bachelorarbeit/tuw_iwos/build/tuw_iwos_robot_description -- -j14 -l14
[0.212s] DEBUG:colcon.colcon_core.event_handler.log_command:Invoked command in '/home/coffee/Documents/Studium/TU/bachelorarbeit/tuw_iwos/build/tuw_iwos_robot_description' returned '0': CMAKE_PREFIX_PATH=${CMAKE_PREFIX_PATH}:/opt/ros/jazzy DEBUGINFOD_URLS=https://debuginfod.ubuntu.com /usr/bin/cmake --build /home/coffee/Documents/Studium/TU/bachelorarbeit/tuw_iwos/build/tuw_iwos_robot_description -- -j14 -l14
[0.220s] DEBUG:colcon.colcon_core.event_handler.log_command:Invoking command in '/home/coffee/Documents/Studium/TU/bachelorarbeit/tuw_iwos/build/tuw_iwos_robot_description': CMAKE_PREFIX_PATH=${CMAKE_PREFIX_PATH}:/opt/ros/jazzy DEBUGINFOD_URLS=https://debuginfod.ubuntu.com /usr/bin/cmake --install /home/coffee/Documents/Studium/TU/bachelorarbeit/tuw_iwos/build/tuw_iwos_robot_description
[0.230s] Level 1:colcon.colcon_core.environment:create_environment_scripts_only(tuw_iwos_robot_description)
[0.230s] DEBUG:colcon.colcon_core.event_handler.log_command:Invoked command in '/home/coffee/Documents/Studium/TU/bachelorarbeit/tuw_iwos/build/tuw_iwos_robot_description' returned '0': CMAKE_PREFIX_PATH=${CMAKE_PREFIX_PATH}:/opt/ros/jazzy DEBUGINFOD_URLS=https://debuginfod.ubuntu.com /usr/bin/cmake --install /home/coffee/Documents/Studium/TU/bachelorarbeit/tuw_iwos/build/tuw_iwos_robot_description
[0.232s] Level 1:colcon.colcon_core.environment:checking '/home/coffee/Documents/Studium/TU/bachelorarbeit/tuw_iwos/install/tuw_iwos_robot_description' for CMake module files
[0.233s] Level 1:colcon.colcon_core.environment:checking '/home/coffee/Documents/Studium/TU/bachelorarbeit/tuw_iwos/install/tuw_iwos_robot_description' for CMake config files
[0.233s] Level 1:colcon.colcon_core.shell:create_environment_hook('tuw_iwos_robot_description', 'cmake_prefix_path')
[0.233s] INFO:colcon.colcon_core.shell:Creating environment hook '/home/coffee/Documents/Studium/TU/bachelorarbeit/tuw_iwos/install/tuw_iwos_robot_description/share/tuw_iwos_robot_description/hook/cmake_prefix_path.ps1'
[0.234s] INFO:colcon.colcon_core.shell:Creating environment descriptor '/home/coffee/Documents/Studium/TU/bachelorarbeit/tuw_iwos/install/tuw_iwos_robot_description/share/tuw_iwos_robot_description/hook/cmake_prefix_path.dsv'
[0.234s] INFO:colcon.colcon_core.shell:Creating environment hook '/home/coffee/Documents/Studium/TU/bachelorarbeit/tuw_iwos/install/tuw_iwos_robot_description/share/tuw_iwos_robot_description/hook/cmake_prefix_path.sh'
[0.235s] Level 1:colcon.colcon_core.environment:checking '/home/coffee/Documents/Studium/TU/bachelorarbeit/tuw_iwos/install/tuw_iwos_robot_description/bin'
[0.235s] Level 1:colcon.colcon_core.environment:checking '/home/coffee/Documents/Studium/TU/bachelorarbeit/tuw_iwos/install/tuw_iwos_robot_description/lib/pkgconfig/tuw_iwos_robot_description.pc'
[0.235s] Level 1:colcon.colcon_core.environment:checking '/home/coffee/Documents/Studium/TU/bachelorarbeit/tuw_iwos/install/tuw_iwos_robot_description/lib/python3.12/site-packages'
[0.235s] Level 1:colcon.colcon_core.environment:checking '/home/coffee/Documents/Studium/TU/bachelorarbeit/tuw_iwos/install/tuw_iwos_robot_description/bin'
[0.235s] INFO:colcon.colcon_core.shell:Creating package script '/home/coffee/Documents/Studium/TU/bachelorarbeit/tuw_iwos/install/tuw_iwos_robot_description/share/tuw_iwos_robot_description/package.ps1'
[0.236s] INFO:colcon.colcon_core.shell:Creating package descriptor '/home/coffee/Documents/Studium/TU/bachelorarbeit/tuw_iwos/install/tuw_iwos_robot_description/share/tuw_iwos_robot_description/package.dsv'
[0.236s] INFO:colcon.colcon_core.shell:Creating package script '/home/coffee/Documents/Studium/TU/bachelorarbeit/tuw_iwos/install/tuw_iwos_robot_description/share/tuw_iwos_robot_description/package.sh'
[0.236s] INFO:colcon.colcon_core.shell:Creating package script '/home/coffee/Documents/Studium/TU/bachelorarbeit/tuw_iwos/install/tuw_iwos_robot_description/share/tuw_iwos_robot_description/package.bash'
[0.236s] INFO:colcon.colcon_core.shell:Creating package script '/home/coffee/Documents/Studium/TU/bachelorarbeit/tuw_iwos/install/tuw_iwos_robot_description/share/tuw_iwos_robot_description/package.zsh'
[0.237s] Level 1:colcon.colcon_core.environment:create_file_with_runtime_dependencies(/home/coffee/Documents/Studium/TU/bachelorarbeit/tuw_iwos/install/tuw_iwos_robot_description/share/colcon-core/packages/tuw_iwos_robot_description)
[0.237s] Level 1:colcon.colcon_core.environment:create_environment_scripts_only(tuw_iwos_robot_description)
[0.237s] Level 1:colcon.colcon_core.environment:checking '/home/coffee/Documents/Studium/TU/bachelorarbeit/tuw_iwos/install/tuw_iwos_robot_description' for CMake module files
[0.237s] Level 1:colcon.colcon_core.environment:checking '/home/coffee/Documents/Studium/TU/bachelorarbeit/tuw_iwos/install/tuw_iwos_robot_description' for CMake config files
[0.237s] Level 1:colcon.colcon_core.shell:create_environment_hook('tuw_iwos_robot_description', 'cmake_prefix_path')
[0.237s] INFO:colcon.colcon_core.shell:Creating environment hook '/home/coffee/Documents/Studium/TU/bachelorarbeit/tuw_iwos/install/tuw_iwos_robot_description/share/tuw_iwos_robot_description/hook/cmake_prefix_path.ps1'
[0.238s] INFO:colcon.colcon_core.shell:Creating environment descriptor '/home/coffee/Documents/Studium/TU/bachelorarbeit/tuw_iwos/install/tuw_iwos_robot_description/share/tuw_iwos_robot_description/hook/cmake_prefix_path.dsv'
[0.238s] INFO:colcon.colcon_core.shell:Creating environment hook '/home/coffee/Documents/Studium/TU/bachelorarbeit/tuw_iwos/install/tuw_iwos_robot_description/share/tuw_iwos_robot_description/hook/cmake_prefix_path.sh'
[0.238s] Level 1:colcon.colcon_core.environment:checking '/home/coffee/Documents/Studium/TU/bachelorarbeit/tuw_iwos/install/tuw_iwos_robot_description/bin'
[0.238s] Level 1:colcon.colcon_core.environment:checking '/home/coffee/Documents/Studium/TU/bachelorarbeit/tuw_iwos/install/tuw_iwos_robot_description/lib/pkgconfig/tuw_iwos_robot_description.pc'
[0.238s] Level 1:colcon.colcon_core.environment:checking '/home/coffee/Documents/Studium/TU/bachelorarbeit/tuw_iwos/install/tuw_iwos_robot_description/lib/python3.12/site-packages'
[0.238s] Level 1:colcon.colcon_core.environment:checking '/home/coffee/Documents/Studium/TU/bachelorarbeit/tuw_iwos/install/tuw_iwos_robot_description/bin'
[0.238s] INFO:colcon.colcon_core.shell:Creating package script '/home/coffee/Documents/Studium/TU/bachelorarbeit/tuw_iwos/install/tuw_iwos_robot_description/share/tuw_iwos_robot_description/package.ps1'
[0.239s] INFO:colcon.colcon_core.shell:Creating package descriptor '/home/coffee/Documents/Studium/TU/bachelorarbeit/tuw_iwos/install/tuw_iwos_robot_description/share/tuw_iwos_robot_description/package.dsv'
[0.239s] INFO:colcon.colcon_core.shell:Creating package script '/home/coffee/Documents/Studium/TU/bachelorarbeit/tuw_iwos/install/tuw_iwos_robot_description/share/tuw_iwos_robot_description/package.sh'
[0.239s] INFO:colcon.colcon_core.shell:Creating package script '/home/coffee/Documents/Studium/TU/bachelorarbeit/tuw_iwos/install/tuw_iwos_robot_description/share/tuw_iwos_robot_description/package.bash'
[0.239s] INFO:colcon.colcon_core.shell:Creating package script '/home/coffee/Documents/Studium/TU/bachelorarbeit/tuw_iwos/install/tuw_iwos_robot_description/share/tuw_iwos_robot_description/package.zsh'
[0.239s] Level 1:colcon.colcon_core.environment:create_file_with_runtime_dependencies(/home/coffee/Documents/Studium/TU/bachelorarbeit/tuw_iwos/install/tuw_iwos_robot_description/share/colcon-core/packages/tuw_iwos_robot_description)
[0.240s] DEBUG:colcon.colcon_parallel_executor.executor.parallel:closing loop
[0.240s] DEBUG:colcon.colcon_parallel_executor.executor.parallel:loop closed
[0.240s] DEBUG:colcon.colcon_parallel_executor.executor.parallel:run_until_complete finished with '0'
[0.240s] DEBUG:colcon.colcon_core.event_reactor:joining thread
[0.256s] INFO:colcon.colcon_core.plugin_system:Skipping extension 'colcon_notification.desktop_notification.terminal_notifier': Not used on non-Darwin systems
[0.256s] INFO:colcon.colcon_core.plugin_system:Skipping extension 'colcon_notification.desktop_notification.win32': Not used on non-Windows systems
[0.256s] INFO:colcon.colcon_notification.desktop_notification:Sending desktop notification using 'notify2'
[0.270s] DEBUG:colcon.colcon_core.event_reactor:joined thread
[0.270s] INFO:colcon.colcon_core.shell:Creating prefix script '/home/coffee/Documents/Studium/TU/bachelorarbeit/tuw_iwos/install/local_setup.ps1'
[0.271s] INFO:colcon.colcon_core.shell:Creating prefix util module '/home/coffee/Documents/Studium/TU/bachelorarbeit/tuw_iwos/install/_local_setup_util_ps1.py'
[0.271s] INFO:colcon.colcon_core.shell:Creating prefix chain script '/home/coffee/Documents/Studium/TU/bachelorarbeit/tuw_iwos/install/setup.ps1'
[0.271s] INFO:colcon.colcon_core.shell:Creating prefix script '/home/coffee/Documents/Studium/TU/bachelorarbeit/tuw_iwos/install/local_setup.sh'
[0.272s] INFO:colcon.colcon_core.shell:Creating prefix util module '/home/coffee/Documents/Studium/TU/bachelorarbeit/tuw_iwos/install/_local_setup_util_sh.py'
[0.272s] INFO:colcon.colcon_core.shell:Creating prefix chain script '/home/coffee/Documents/Studium/TU/bachelorarbeit/tuw_iwos/install/setup.sh'
[0.272s] INFO:colcon.colcon_core.shell:Creating prefix script '/home/coffee/Documents/Studium/TU/bachelorarbeit/tuw_iwos/install/local_setup.bash'
[0.272s] INFO:colcon.colcon_core.shell:Creating prefix chain script '/home/coffee/Documents/Studium/TU/bachelorarbeit/tuw_iwos/install/setup.bash'
[0.273s] INFO:colcon.colcon_core.shell:Creating prefix script '/home/coffee/Documents/Studium/TU/bachelorarbeit/tuw_iwos/install/local_setup.zsh'
[0.273s] INFO:colcon.colcon_core.shell:Creating prefix chain script '/home/coffee/Documents/Studium/TU/bachelorarbeit/tuw_iwos/install/setup.zsh'
