[0.542s] DEBUG:colcon:Command line arguments: ['/usr/bin/colcon', 'build']
[0.543s] DEBUG:colcon:Parsed command line arguments: Namespace(log_base=None, log_level=None, verb_name='build', build_base='build', install_base='install', merge_install=False, symlink_install=False, test_result_base=None, continue_on_error=False, executor='parallel', parallel_workers=14, event_handlers=None, ignore_user_meta=False, metas=['./colcon.meta'], base_paths=['.'], packages_ignore=None, packages_ignore_regex=None, paths=None, packages_up_to=None, packages_up_to_regex=None, packages_above=None, packages_above_and_dependencies=None, packages_above_depth=None, packages_select_by_dep=None, packages_skip_by_dep=None, packages_skip_up_to=None, packages_select_build_failed=False, packages_skip_build_finished=False, packages_select_test_failures=False, packages_skip_test_passed=False, packages_select=None, packages_skip=None, packages_select_regex=None, packages_skip_regex=None, packages_start=None, packages_end=None, allow_overriding=[], cmake_args=None, cmake_target=None, cmake_target_skip_unavailable=False, cmake_clean_cache=False, cmake_clean_first=False, cmake_force_configure=False, ament_cmake_args=None, catkin_cmake_args=None, catkin_skip_building_tests=False, mixin_files=None, mixin=None, verb_parser=<colcon_mixin.mixin.mixin_argument.MixinArgumentDecorator object at 0x7d47911b8a10>, verb_extension=<colcon_core.verb.build.BuildVerb object at 0x7d47911b87a0>, main=<bound method BuildVerb.main of <colcon_core.verb.build.BuildVerb object at 0x7d47911b87a0>>, mixin_verb=('build',))
[0.689s] Level 1:colcon.colcon_core.package_discovery:discover_packages(colcon_meta) check parameters
[0.690s] Level 1:colcon.colcon_core.package_discovery:discover_packages(recursive) check parameters
[0.690s] Level 1:colcon.colcon_core.package_discovery:discover_packages(ignore) check parameters
[0.690s] Level 1:colcon.colcon_core.package_discovery:discover_packages(path) check parameters
[0.690s] Level 1:colcon.colcon_core.package_discovery:discover_packages(colcon_meta) discover
[0.691s] Level 1:colcon.colcon_core.package_discovery:discover_packages(recursive) discover
[0.691s] INFO:colcon.colcon_core.package_discovery:Crawling recursively for packages in '/home/coffee/Documents/Studium/TU/bachelorarbeit/tuw_iwos'
[0.691s] Level 1:colcon.colcon_core.package_identification:_identify(.) by extensions ['ignore', 'ignore_ament_install']
[0.692s] Level 1:colcon.colcon_core.package_identification:_identify(.) by extension 'ignore'
[0.693s] Level 1:colcon.colcon_core.package_identification:_identify(.) by extension 'ignore_ament_install'
[0.693s] Level 1:colcon.colcon_core.package_identification:_identify(.) by extensions ['colcon_pkg']
[0.693s] Level 1:colcon.colcon_core.package_identification:_identify(.) by extension 'colcon_pkg'
[0.693s] Level 1:colcon.colcon_core.package_identification:_identify(.) by extensions ['colcon_meta']
[0.694s] Level 1:colcon.colcon_core.package_identification:_identify(.) by extension 'colcon_meta'
[0.694s] Level 1:colcon.colcon_core.package_identification:_identify(.) by extensions ['ros']
[0.694s] Level 1:colcon.colcon_core.package_identification:_identify(.) by extension 'ros'
[0.777s] Level 1:colcon.colcon_core.package_identification:_identify(.) by extensions ['cmake', 'python']
[0.777s] Level 1:colcon.colcon_core.package_identification:_identify(.) by extension 'cmake'
[0.777s] Level 1:colcon.colcon_core.package_identification:_identify(.) by extension 'python'
[0.777s] Level 1:colcon.colcon_core.package_identification:_identify(.) by extensions ['python_setup_py']
[0.777s] Level 1:colcon.colcon_core.package_identification:_identify(.) by extension 'python_setup_py'
[0.778s] Level 1:colcon.colcon_core.package_identification:_identify(build) by extensions ['ignore', 'ignore_ament_install']
[0.778s] Level 1:colcon.colcon_core.package_identification:_identify(build) by extension 'ignore'
[0.778s] Level 1:colcon.colcon_core.package_identification:_identify(build) ignored
[0.778s] Level 1:colcon.colcon_core.package_identification:_identify(install) by extensions ['ignore', 'ignore_ament_install']
[0.778s] Level 1:colcon.colcon_core.package_identification:_identify(install) by extension 'ignore'
[0.778s] Level 1:colcon.colcon_core.package_identification:_identify(install) ignored
[0.779s] Level 1:colcon.colcon_core.package_identification:_identify(log) by extensions ['ignore', 'ignore_ament_install']
[0.779s] Level 1:colcon.colcon_core.package_identification:_identify(log) by extension 'ignore'
[0.779s] Level 1:colcon.colcon_core.package_identification:_identify(log) ignored
[0.779s] Level 1:colcon.colcon_core.package_identification:_identify(src) by extensions ['ignore', 'ignore_ament_install']
[0.779s] Level 1:colcon.colcon_core.package_identification:_identify(src) by extension 'ignore'
[0.779s] Level 1:colcon.colcon_core.package_identification:_identify(src) by extension 'ignore_ament_install'
[0.779s] Level 1:colcon.colcon_core.package_identification:_identify(src) by extensions ['colcon_pkg']
[0.779s] Level 1:colcon.colcon_core.package_identification:_identify(src) by extension 'colcon_pkg'
[0.779s] Level 1:colcon.colcon_core.package_identification:_identify(src) by extensions ['colcon_meta']
[0.779s] Level 1:colcon.colcon_core.package_identification:_identify(src) by extension 'colcon_meta'
[0.779s] Level 1:colcon.colcon_core.package_identification:_identify(src) by extensions ['ros']
[0.779s] Level 1:colcon.colcon_core.package_identification:_identify(src) by extension 'ros'
[0.780s] Level 1:colcon.colcon_core.package_identification:_identify(src) by extensions ['cmake', 'python']
[0.780s] Level 1:colcon.colcon_core.package_identification:_identify(src) by extension 'cmake'
[0.780s] Level 1:colcon.colcon_core.package_identification:_identify(src) by extension 'python'
[0.780s] Level 1:colcon.colcon_core.package_identification:_identify(src) by extensions ['python_setup_py']
[0.780s] Level 1:colcon.colcon_core.package_identification:_identify(src) by extension 'python_setup_py'
[0.780s] Level 1:colcon.colcon_core.package_identification:_identify(src/tuw_iwos) by extensions ['ignore', 'ignore_ament_install']
[0.781s] Level 1:colcon.colcon_core.package_identification:_identify(src/tuw_iwos) by extension 'ignore'
[0.781s] Level 1:colcon.colcon_core.package_identification:_identify(src/tuw_iwos) by extension 'ignore_ament_install'
[0.781s] Level 1:colcon.colcon_core.package_identification:_identify(src/tuw_iwos) by extensions ['colcon_pkg']
[0.781s] Level 1:colcon.colcon_core.package_identification:_identify(src/tuw_iwos) by extension 'colcon_pkg'
[0.781s] Level 1:colcon.colcon_core.package_identification:_identify(src/tuw_iwos) by extensions ['colcon_meta']
[0.781s] Level 1:colcon.colcon_core.package_identification:_identify(src/tuw_iwos) by extension 'colcon_meta'
[0.781s] Level 1:colcon.colcon_core.package_identification:_identify(src/tuw_iwos) by extensions ['ros']
[0.781s] Level 1:colcon.colcon_core.package_identification:_identify(src/tuw_iwos) by extension 'ros'
[0.788s] DEBUG:colcon.colcon_core.package_identification:Package 'src/tuw_iwos' with type 'ros.ament_cmake' and name 'tuw_iwos'
[0.789s] Level 1:colcon.colcon_core.package_identification:_identify(src/tuw_iwos_hardware) by extensions ['ignore', 'ignore_ament_install']
[0.789s] Level 1:colcon.colcon_core.package_identification:_identify(src/tuw_iwos_hardware) by extension 'ignore'
[0.789s] Level 1:colcon.colcon_core.package_identification:_identify(src/tuw_iwos_hardware) by extension 'ignore_ament_install'
[0.789s] Level 1:colcon.colcon_core.package_identification:_identify(src/tuw_iwos_hardware) by extensions ['colcon_pkg']
[0.789s] Level 1:colcon.colcon_core.package_identification:_identify(src/tuw_iwos_hardware) by extension 'colcon_pkg'
[0.789s] Level 1:colcon.colcon_core.package_identification:_identify(src/tuw_iwos_hardware) by extensions ['colcon_meta']
[0.789s] Level 1:colcon.colcon_core.package_identification:_identify(src/tuw_iwos_hardware) by extension 'colcon_meta'
[0.789s] Level 1:colcon.colcon_core.package_identification:_identify(src/tuw_iwos_hardware) by extensions ['ros']
[0.789s] Level 1:colcon.colcon_core.package_identification:_identify(src/tuw_iwos_hardware) by extension 'ros'
[0.790s] DEBUG:colcon.colcon_core.package_identification:Package 'src/tuw_iwos_hardware' with type 'ros.ament_cmake' and name 'tuw_iwos_hardware'
[0.791s] Level 1:colcon.colcon_core.package_identification:_identify(src/tuw_iwos_hardware_broker) by extensions ['ignore', 'ignore_ament_install']
[0.791s] Level 1:colcon.colcon_core.package_identification:_identify(src/tuw_iwos_hardware_broker) by extension 'ignore'
[0.791s] Level 1:colcon.colcon_core.package_identification:_identify(src/tuw_iwos_hardware_broker) by extension 'ignore_ament_install'
[0.791s] Level 1:colcon.colcon_core.package_identification:_identify(src/tuw_iwos_hardware_broker) by extensions ['colcon_pkg']
[0.791s] Level 1:colcon.colcon_core.package_identification:_identify(src/tuw_iwos_hardware_broker) by extension 'colcon_pkg'
[0.791s] Level 1:colcon.colcon_core.package_identification:_identify(src/tuw_iwos_hardware_broker) by extensions ['colcon_meta']
[0.791s] Level 1:colcon.colcon_core.package_identification:_identify(src/tuw_iwos_hardware_broker) by extension 'colcon_meta'
[0.791s] Level 1:colcon.colcon_core.package_identification:_identify(src/tuw_iwos_hardware_broker) by extensions ['ros']
[0.791s] Level 1:colcon.colcon_core.package_identification:_identify(src/tuw_iwos_hardware_broker) by extension 'ros'
[0.792s] DEBUG:colcon.colcon_core.package_identification:Package 'src/tuw_iwos_hardware_broker' with type 'ros.catkin' and name 'tuw_iwos_hardware_broker'
[0.792s] Level 1:colcon.colcon_core.package_identification:_identify(src/tuw_iwos_launches) by extensions ['ignore', 'ignore_ament_install']
[0.793s] Level 1:colcon.colcon_core.package_identification:_identify(src/tuw_iwos_launches) by extension 'ignore'
[0.793s] Level 1:colcon.colcon_core.package_identification:_identify(src/tuw_iwos_launches) by extension 'ignore_ament_install'
[0.793s] Level 1:colcon.colcon_core.package_identification:_identify(src/tuw_iwos_launches) by extensions ['colcon_pkg']
[0.793s] Level 1:colcon.colcon_core.package_identification:_identify(src/tuw_iwos_launches) by extension 'colcon_pkg'
[0.793s] Level 1:colcon.colcon_core.package_identification:_identify(src/tuw_iwos_launches) by extensions ['colcon_meta']
[0.793s] Level 1:colcon.colcon_core.package_identification:_identify(src/tuw_iwos_launches) by extension 'colcon_meta'
[0.793s] Level 1:colcon.colcon_core.package_identification:_identify(src/tuw_iwos_launches) by extensions ['ros']
[0.793s] Level 1:colcon.colcon_core.package_identification:_identify(src/tuw_iwos_launches) by extension 'ros'
[0.794s] DEBUG:colcon.colcon_core.package_identification:Package 'src/tuw_iwos_launches' with type 'ros.catkin' and name 'tuw_iwos_launches'
[0.795s] Level 1:colcon.colcon_core.package_identification:_identify(src/tuw_iwos_motion_model) by extensions ['ignore', 'ignore_ament_install']
[0.795s] Level 1:colcon.colcon_core.package_identification:_identify(src/tuw_iwos_motion_model) by extension 'ignore'
[0.795s] Level 1:colcon.colcon_core.package_identification:_identify(src/tuw_iwos_motion_model) by extension 'ignore_ament_install'
[0.796s] Level 1:colcon.colcon_core.package_identification:_identify(src/tuw_iwos_motion_model) by extensions ['colcon_pkg']
[0.796s] Level 1:colcon.colcon_core.package_identification:_identify(src/tuw_iwos_motion_model) by extension 'colcon_pkg'
[0.796s] Level 1:colcon.colcon_core.package_identification:_identify(src/tuw_iwos_motion_model) by extensions ['colcon_meta']
[0.796s] Level 1:colcon.colcon_core.package_identification:_identify(src/tuw_iwos_motion_model) by extension 'colcon_meta'
[0.796s] Level 1:colcon.colcon_core.package_identification:_identify(src/tuw_iwos_motion_model) by extensions ['ros']
[0.796s] Level 1:colcon.colcon_core.package_identification:_identify(src/tuw_iwos_motion_model) by extension 'ros'
[0.797s] DEBUG:colcon.colcon_core.package_identification:Package 'src/tuw_iwos_motion_model' with type 'ros.catkin' and name 'tuw_iwos_motion_model'
[0.797s] Level 1:colcon.colcon_core.package_identification:_identify(src/tuw_iwos_odometer) by extensions ['ignore', 'ignore_ament_install']
[0.798s] Level 1:colcon.colcon_core.package_identification:_identify(src/tuw_iwos_odometer) by extension 'ignore'
[0.798s] Level 1:colcon.colcon_core.package_identification:_identify(src/tuw_iwos_odometer) by extension 'ignore_ament_install'
[0.798s] Level 1:colcon.colcon_core.package_identification:_identify(src/tuw_iwos_odometer) by extensions ['colcon_pkg']
[0.798s] Level 1:colcon.colcon_core.package_identification:_identify(src/tuw_iwos_odometer) by extension 'colcon_pkg'
[0.798s] Level 1:colcon.colcon_core.package_identification:_identify(src/tuw_iwos_odometer) by extensions ['colcon_meta']
[0.798s] Level 1:colcon.colcon_core.package_identification:_identify(src/tuw_iwos_odometer) by extension 'colcon_meta'
[0.798s] Level 1:colcon.colcon_core.package_identification:_identify(src/tuw_iwos_odometer) by extensions ['ros']
[0.798s] Level 1:colcon.colcon_core.package_identification:_identify(src/tuw_iwos_odometer) by extension 'ros'
[0.800s] DEBUG:colcon.colcon_core.package_identification:Package 'src/tuw_iwos_odometer' with type 'ros.catkin' and name 'tuw_iwos_odometer'
[0.801s] Level 1:colcon.colcon_core.package_identification:_identify(src/tuw_iwos_robot_description) by extensions ['ignore', 'ignore_ament_install']
[0.801s] Level 1:colcon.colcon_core.package_identification:_identify(src/tuw_iwos_robot_description) by extension 'ignore'
[0.801s] Level 1:colcon.colcon_core.package_identification:_identify(src/tuw_iwos_robot_description) by extension 'ignore_ament_install'
[0.801s] Level 1:colcon.colcon_core.package_identification:_identify(src/tuw_iwos_robot_description) by extensions ['colcon_pkg']
[0.801s] Level 1:colcon.colcon_core.package_identification:_identify(src/tuw_iwos_robot_description) by extension 'colcon_pkg'
[0.801s] Level 1:colcon.colcon_core.package_identification:_identify(src/tuw_iwos_robot_description) by extensions ['colcon_meta']
[0.801s] Level 1:colcon.colcon_core.package_identification:_identify(src/tuw_iwos_robot_description) by extension 'colcon_meta'
[0.801s] Level 1:colcon.colcon_core.package_identification:_identify(src/tuw_iwos_robot_description) by extensions ['ros']
[0.801s] Level 1:colcon.colcon_core.package_identification:_identify(src/tuw_iwos_robot_description) by extension 'ros'
[0.802s] DEBUG:colcon.colcon_core.package_identification:Package 'src/tuw_iwos_robot_description' with type 'ros.ament_cmake' and name 'tuw_iwos_robot_description'
[0.803s] Level 1:colcon.colcon_core.package_identification:_identify(src/tuw_iwos_tools) by extensions ['ignore', 'ignore_ament_install']
[0.803s] Level 1:colcon.colcon_core.package_identification:_identify(src/tuw_iwos_tools) by extension 'ignore'
[0.803s] Level 1:colcon.colcon_core.package_identification:_identify(src/tuw_iwos_tools) by extension 'ignore_ament_install'
[0.804s] Level 1:colcon.colcon_core.package_identification:_identify(src/tuw_iwos_tools) by extensions ['colcon_pkg']
[0.804s] Level 1:colcon.colcon_core.package_identification:_identify(src/tuw_iwos_tools) by extension 'colcon_pkg'
[0.804s] Level 1:colcon.colcon_core.package_identification:_identify(src/tuw_iwos_tools) by extensions ['colcon_meta']
[0.804s] Level 1:colcon.colcon_core.package_identification:_identify(src/tuw_iwos_tools) by extension 'colcon_meta'
[0.804s] Level 1:colcon.colcon_core.package_identification:_identify(src/tuw_iwos_tools) by extensions ['ros']
[0.805s] Level 1:colcon.colcon_core.package_identification:_identify(src/tuw_iwos_tools) by extension 'ros'
[0.807s] DEBUG:colcon.colcon_core.package_identification:Package 'src/tuw_iwos_tools' with type 'ros.catkin' and name 'tuw_iwos_tools'
[0.807s] Level 1:colcon.colcon_core.package_discovery:discover_packages(recursive) using defaults
[0.808s] Level 1:colcon.colcon_core.package_discovery:discover_packages(ignore) discover
[0.808s] Level 1:colcon.colcon_core.package_discovery:discover_packages(ignore) using defaults
[0.808s] Level 1:colcon.colcon_core.package_discovery:discover_packages(path) discover
[0.808s] Level 1:colcon.colcon_core.package_discovery:discover_packages(path) using defaults
[0.881s] Level 1:colcon.colcon_core.package_discovery:discover_packages(prefix_path) check parameters
[0.881s] Level 1:colcon.colcon_core.package_discovery:discover_packages(prefix_path) discover
[0.898s] DEBUG:colcon.colcon_installed_package_information.package_discovery:Found 435 installed packages in /opt/ros/jazzy
[0.901s] Level 1:colcon.colcon_core.package_discovery:discover_packages(prefix_path) using defaults
[1.133s] Level 5:colcon.colcon_core.verb:set package 'tuw_iwos' build argument 'cmake_args' from command line to 'None'
[1.134s] Level 5:colcon.colcon_core.verb:set package 'tuw_iwos' build argument 'cmake_target' from command line to 'None'
[1.134s] Level 5:colcon.colcon_core.verb:set package 'tuw_iwos' build argument 'cmake_target_skip_unavailable' from command line to 'False'
[1.134s] Level 5:colcon.colcon_core.verb:set package 'tuw_iwos' build argument 'cmake_clean_cache' from command line to 'False'
[1.134s] Level 5:colcon.colcon_core.verb:set package 'tuw_iwos' build argument 'cmake_clean_first' from command line to 'False'
[1.134s] Level 5:colcon.colcon_core.verb:set package 'tuw_iwos' build argument 'cmake_force_configure' from command line to 'False'
[1.134s] Level 5:colcon.colcon_core.verb:set package 'tuw_iwos' build argument 'ament_cmake_args' from command line to 'None'
[1.134s] Level 5:colcon.colcon_core.verb:set package 'tuw_iwos' build argument 'catkin_cmake_args' from command line to 'None'
[1.134s] Level 5:colcon.colcon_core.verb:set package 'tuw_iwos' build argument 'catkin_skip_building_tests' from command line to 'False'
[1.134s] DEBUG:colcon.colcon_core.verb:Building package 'tuw_iwos' with the following arguments: {'ament_cmake_args': None, 'build_base': '/home/coffee/Documents/Studium/TU/bachelorarbeit/tuw_iwos/build/tuw_iwos', 'catkin_cmake_args': None, 'catkin_skip_building_tests': False, 'cmake_args': None, 'cmake_clean_cache': False, 'cmake_clean_first': False, 'cmake_force_configure': False, 'cmake_target': None, 'cmake_target_skip_unavailable': False, 'install_base': '/home/coffee/Documents/Studium/TU/bachelorarbeit/tuw_iwos/install/tuw_iwos', 'merge_install': False, 'path': '/home/coffee/Documents/Studium/TU/bachelorarbeit/tuw_iwos/src/tuw_iwos', 'symlink_install': False, 'test_result_base': None}
[1.134s] Level 5:colcon.colcon_core.verb:set package 'tuw_iwos_hardware' build argument 'cmake_args' from command line to 'None'
[1.134s] Level 5:colcon.colcon_core.verb:set package 'tuw_iwos_hardware' build argument 'cmake_target' from command line to 'None'
[1.134s] Level 5:colcon.colcon_core.verb:set package 'tuw_iwos_hardware' build argument 'cmake_target_skip_unavailable' from command line to 'False'
[1.135s] Level 5:colcon.colcon_core.verb:set package 'tuw_iwos_hardware' build argument 'cmake_clean_cache' from command line to 'False'
[1.135s] Level 5:colcon.colcon_core.verb:set package 'tuw_iwos_hardware' build argument 'cmake_clean_first' from command line to 'False'
[1.135s] Level 5:colcon.colcon_core.verb:set package 'tuw_iwos_hardware' build argument 'cmake_force_configure' from command line to 'False'
[1.135s] Level 5:colcon.colcon_core.verb:set package 'tuw_iwos_hardware' build argument 'ament_cmake_args' from command line to 'None'
[1.135s] Level 5:colcon.colcon_core.verb:set package 'tuw_iwos_hardware' build argument 'catkin_cmake_args' from command line to 'None'
[1.135s] Level 5:colcon.colcon_core.verb:set package 'tuw_iwos_hardware' build argument 'catkin_skip_building_tests' from command line to 'False'
[1.135s] DEBUG:colcon.colcon_core.verb:Building package 'tuw_iwos_hardware' with the following arguments: {'ament_cmake_args': None, 'build_base': '/home/coffee/Documents/Studium/TU/bachelorarbeit/tuw_iwos/build/tuw_iwos_hardware', 'catkin_cmake_args': None, 'catkin_skip_building_tests': False, 'cmake_args': None, 'cmake_clean_cache': False, 'cmake_clean_first': False, 'cmake_force_configure': False, 'cmake_target': None, 'cmake_target_skip_unavailable': False, 'install_base': '/home/coffee/Documents/Studium/TU/bachelorarbeit/tuw_iwos/install/tuw_iwos_hardware', 'merge_install': False, 'path': '/home/coffee/Documents/Studium/TU/bachelorarbeit/tuw_iwos/src/tuw_iwos_hardware', 'symlink_install': False, 'test_result_base': None}
[1.135s] Level 5:colcon.colcon_core.verb:set package 'tuw_iwos_hardware_broker' build argument 'cmake_args' from command line to 'None'
[1.135s] Level 5:colcon.colcon_core.verb:set package 'tuw_iwos_hardware_broker' build argument 'cmake_target' from command line to 'None'
[1.135s] Level 5:colcon.colcon_core.verb:set package 'tuw_iwos_hardware_broker' build argument 'cmake_target_skip_unavailable' from command line to 'False'
[1.135s] Level 5:colcon.colcon_core.verb:set package 'tuw_iwos_hardware_broker' build argument 'cmake_clean_cache' from command line to 'False'
[1.135s] Level 5:colcon.colcon_core.verb:set package 'tuw_iwos_hardware_broker' build argument 'cmake_clean_first' from command line to 'False'
[1.135s] Level 5:colcon.colcon_core.verb:set package 'tuw_iwos_hardware_broker' build argument 'cmake_force_configure' from command line to 'False'
[1.135s] Level 5:colcon.colcon_core.verb:set package 'tuw_iwos_hardware_broker' build argument 'ament_cmake_args' from command line to 'None'
[1.135s] Level 5:colcon.colcon_core.verb:set package 'tuw_iwos_hardware_broker' build argument 'catkin_cmake_args' from command line to 'None'
[1.135s] Level 5:colcon.colcon_core.verb:set package 'tuw_iwos_hardware_broker' build argument 'catkin_skip_building_tests' from command line to 'False'
[1.135s] DEBUG:colcon.colcon_core.verb:Building package 'tuw_iwos_hardware_broker' with the following arguments: {'ament_cmake_args': None, 'build_base': '/home/coffee/Documents/Studium/TU/bachelorarbeit/tuw_iwos/build/tuw_iwos_hardware_broker', 'catkin_cmake_args': None, 'catkin_skip_building_tests': False, 'cmake_args': None, 'cmake_clean_cache': False, 'cmake_clean_first': False, 'cmake_force_configure': False, 'cmake_target': None, 'cmake_target_skip_unavailable': False, 'install_base': '/home/coffee/Documents/Studium/TU/bachelorarbeit/tuw_iwos/install/tuw_iwos_hardware_broker', 'merge_install': False, 'path': '/home/coffee/Documents/Studium/TU/bachelorarbeit/tuw_iwos/src/tuw_iwos_hardware_broker', 'symlink_install': False, 'test_result_base': None}
[1.136s] Level 5:colcon.colcon_core.verb:set package 'tuw_iwos_launches' build argument 'cmake_args' from command line to 'None'
[1.136s] Level 5:colcon.colcon_core.verb:set package 'tuw_iwos_launches' build argument 'cmake_target' from command line to 'None'
[1.136s] Level 5:colcon.colcon_core.verb:set package 'tuw_iwos_launches' build argument 'cmake_target_skip_unavailable' from command line to 'False'
[1.136s] Level 5:colcon.colcon_core.verb:set package 'tuw_iwos_launches' build argument 'cmake_clean_cache' from command line to 'False'
[1.136s] Level 5:colcon.colcon_core.verb:set package 'tuw_iwos_launches' build argument 'cmake_clean_first' from command line to 'False'
[1.136s] Level 5:colcon.colcon_core.verb:set package 'tuw_iwos_launches' build argument 'cmake_force_configure' from command line to 'False'
[1.136s] Level 5:colcon.colcon_core.verb:set package 'tuw_iwos_launches' build argument 'ament_cmake_args' from command line to 'None'
[1.136s] Level 5:colcon.colcon_core.verb:set package 'tuw_iwos_launches' build argument 'catkin_cmake_args' from command line to 'None'
[1.136s] Level 5:colcon.colcon_core.verb:set package 'tuw_iwos_launches' build argument 'catkin_skip_building_tests' from command line to 'False'
[1.136s] DEBUG:colcon.colcon_core.verb:Building package 'tuw_iwos_launches' with the following arguments: {'ament_cmake_args': None, 'build_base': '/home/coffee/Documents/Studium/TU/bachelorarbeit/tuw_iwos/build/tuw_iwos_launches', 'catkin_cmake_args': None, 'catkin_skip_building_tests': False, 'cmake_args': None, 'cmake_clean_cache': False, 'cmake_clean_first': False, 'cmake_force_configure': False, 'cmake_target': None, 'cmake_target_skip_unavailable': False, 'install_base': '/home/coffee/Documents/Studium/TU/bachelorarbeit/tuw_iwos/install/tuw_iwos_launches', 'merge_install': False, 'path': '/home/coffee/Documents/Studium/TU/bachelorarbeit/tuw_iwos/src/tuw_iwos_launches', 'symlink_install': False, 'test_result_base': None}
[1.137s] Level 5:colcon.colcon_core.verb:set package 'tuw_iwos_robot_description' build argument 'cmake_args' from command line to 'None'
[1.137s] Level 5:colcon.colcon_core.verb:set package 'tuw_iwos_robot_description' build argument 'cmake_target' from command line to 'None'
[1.137s] Level 5:colcon.colcon_core.verb:set package 'tuw_iwos_robot_description' build argument 'cmake_target_skip_unavailable' from command line to 'False'
[1.137s] Level 5:colcon.colcon_core.verb:set package 'tuw_iwos_robot_description' build argument 'cmake_clean_cache' from command line to 'False'
[1.137s] Level 5:colcon.colcon_core.verb:set package 'tuw_iwos_robot_description' build argument 'cmake_clean_first' from command line to 'False'
[1.137s] Level 5:colcon.colcon_core.verb:set package 'tuw_iwos_robot_description' build argument 'cmake_force_configure' from command line to 'False'
[1.137s] Level 5:colcon.colcon_core.verb:set package 'tuw_iwos_robot_description' build argument 'ament_cmake_args' from command line to 'None'
[1.137s] Level 5:colcon.colcon_core.verb:set package 'tuw_iwos_robot_description' build argument 'catkin_cmake_args' from command line to 'None'
[1.137s] Level 5:colcon.colcon_core.verb:set package 'tuw_iwos_robot_description' build argument 'catkin_skip_building_tests' from command line to 'False'
[1.137s] DEBUG:colcon.colcon_core.verb:Building package 'tuw_iwos_robot_description' with the following arguments: {'ament_cmake_args': None, 'build_base': '/home/coffee/Documents/Studium/TU/bachelorarbeit/tuw_iwos/build/tuw_iwos_robot_description', 'catkin_cmake_args': None, 'catkin_skip_building_tests': False, 'cmake_args': None, 'cmake_clean_cache': False, 'cmake_clean_first': False, 'cmake_force_configure': False, 'cmake_target': None, 'cmake_target_skip_unavailable': False, 'install_base': '/home/coffee/Documents/Studium/TU/bachelorarbeit/tuw_iwos/install/tuw_iwos_robot_description', 'merge_install': False, 'path': '/home/coffee/Documents/Studium/TU/bachelorarbeit/tuw_iwos/src/tuw_iwos_robot_description', 'symlink_install': False, 'test_result_base': None}
[1.137s] Level 5:colcon.colcon_core.verb:set package 'tuw_iwos_tools' build argument 'cmake_args' from command line to 'None'
[1.137s] Level 5:colcon.colcon_core.verb:set package 'tuw_iwos_tools' build argument 'cmake_target' from command line to 'None'
[1.137s] Level 5:colcon.colcon_core.verb:set package 'tuw_iwos_tools' build argument 'cmake_target_skip_unavailable' from command line to 'False'
[1.137s] Level 5:colcon.colcon_core.verb:set package 'tuw_iwos_tools' build argument 'cmake_clean_cache' from command line to 'False'
[1.137s] Level 5:colcon.colcon_core.verb:set package 'tuw_iwos_tools' build argument 'cmake_clean_first' from command line to 'False'
[1.137s] Level 5:colcon.colcon_core.verb:set package 'tuw_iwos_tools' build argument 'cmake_force_configure' from command line to 'False'
[1.137s] Level 5:colcon.colcon_core.verb:set package 'tuw_iwos_tools' build argument 'ament_cmake_args' from command line to 'None'
[1.137s] Level 5:colcon.colcon_core.verb:set package 'tuw_iwos_tools' build argument 'catkin_cmake_args' from command line to 'None'
[1.137s] Level 5:colcon.colcon_core.verb:set package 'tuw_iwos_tools' build argument 'catkin_skip_building_tests' from command line to 'False'
[1.138s] DEBUG:colcon.colcon_core.verb:Building package 'tuw_iwos_tools' with the following arguments: {'ament_cmake_args': None, 'build_base': '/home/coffee/Documents/Studium/TU/bachelorarbeit/tuw_iwos/build/tuw_iwos_tools', 'catkin_cmake_args': None, 'catkin_skip_building_tests': False, 'cmake_args': None, 'cmake_clean_cache': False, 'cmake_clean_first': False, 'cmake_force_configure': False, 'cmake_target': None, 'cmake_target_skip_unavailable': False, 'install_base': '/home/coffee/Documents/Studium/TU/bachelorarbeit/tuw_iwos/install/tuw_iwos_tools', 'merge_install': False, 'path': '/home/coffee/Documents/Studium/TU/bachelorarbeit/tuw_iwos/src/tuw_iwos_tools', 'symlink_install': False, 'test_result_base': None}
[1.138s] Level 5:colcon.colcon_core.verb:set package 'tuw_iwos_motion_model' build argument 'cmake_args' from command line to 'None'
[1.138s] Level 5:colcon.colcon_core.verb:set package 'tuw_iwos_motion_model' build argument 'cmake_target' from command line to 'None'
[1.138s] Level 5:colcon.colcon_core.verb:set package 'tuw_iwos_motion_model' build argument 'cmake_target_skip_unavailable' from command line to 'False'
[1.138s] Level 5:colcon.colcon_core.verb:set package 'tuw_iwos_motion_model' build argument 'cmake_clean_cache' from command line to 'False'
[1.138s] Level 5:colcon.colcon_core.verb:set package 'tuw_iwos_motion_model' build argument 'cmake_clean_first' from command line to 'False'
[1.138s] Level 5:colcon.colcon_core.verb:set package 'tuw_iwos_motion_model' build argument 'cmake_force_configure' from command line to 'False'
[1.138s] Level 5:colcon.colcon_core.verb:set package 'tuw_iwos_motion_model' build argument 'ament_cmake_args' from command line to 'None'
[1.138s] Level 5:colcon.colcon_core.verb:set package 'tuw_iwos_motion_model' build argument 'catkin_cmake_args' from command line to 'None'
[1.138s] Level 5:colcon.colcon_core.verb:set package 'tuw_iwos_motion_model' build argument 'catkin_skip_building_tests' from command line to 'False'
[1.138s] DEBUG:colcon.colcon_core.verb:Building package 'tuw_iwos_motion_model' with the following arguments: {'ament_cmake_args': None, 'build_base': '/home/coffee/Documents/Studium/TU/bachelorarbeit/tuw_iwos/build/tuw_iwos_motion_model', 'catkin_cmake_args': None, 'catkin_skip_building_tests': False, 'cmake_args': None, 'cmake_clean_cache': False, 'cmake_clean_first': False, 'cmake_force_configure': False, 'cmake_target': None, 'cmake_target_skip_unavailable': False, 'install_base': '/home/coffee/Documents/Studium/TU/bachelorarbeit/tuw_iwos/install/tuw_iwos_motion_model', 'merge_install': False, 'path': '/home/coffee/Documents/Studium/TU/bachelorarbeit/tuw_iwos/src/tuw_iwos_motion_model', 'symlink_install': False, 'test_result_base': None}
[1.139s] Level 5:colcon.colcon_core.verb:set package 'tuw_iwos_odometer' build argument 'cmake_args' from command line to 'None'
[1.139s] Level 5:colcon.colcon_core.verb:set package 'tuw_iwos_odometer' build argument 'cmake_target' from command line to 'None'
[1.139s] Level 5:colcon.colcon_core.verb:set package 'tuw_iwos_odometer' build argument 'cmake_target_skip_unavailable' from command line to 'False'
[1.139s] Level 5:colcon.colcon_core.verb:set package 'tuw_iwos_odometer' build argument 'cmake_clean_cache' from command line to 'False'
[1.139s] Level 5:colcon.colcon_core.verb:set package 'tuw_iwos_odometer' build argument 'cmake_clean_first' from command line to 'False'
[1.139s] Level 5:colcon.colcon_core.verb:set package 'tuw_iwos_odometer' build argument 'cmake_force_configure' from command line to 'False'
[1.139s] Level 5:colcon.colcon_core.verb:set package 'tuw_iwos_odometer' build argument 'ament_cmake_args' from command line to 'None'
[1.139s] Level 5:colcon.colcon_core.verb:set package 'tuw_iwos_odometer' build argument 'catkin_cmake_args' from command line to 'None'
[1.139s] Level 5:colcon.colcon_core.verb:set package 'tuw_iwos_odometer' build argument 'catkin_skip_building_tests' from command line to 'False'
[1.140s] DEBUG:colcon.colcon_core.verb:Building package 'tuw_iwos_odometer' with the following arguments: {'ament_cmake_args': None, 'build_base': '/home/coffee/Documents/Studium/TU/bachelorarbeit/tuw_iwos/build/tuw_iwos_odometer', 'catkin_cmake_args': None, 'catkin_skip_building_tests': False, 'cmake_args': None, 'cmake_clean_cache': False, 'cmake_clean_first': False, 'cmake_force_configure': False, 'cmake_target': None, 'cmake_target_skip_unavailable': False, 'install_base': '/home/coffee/Documents/Studium/TU/bachelorarbeit/tuw_iwos/install/tuw_iwos_odometer', 'merge_install': False, 'path': '/home/coffee/Documents/Studium/TU/bachelorarbeit/tuw_iwos/src/tuw_iwos_odometer', 'symlink_install': False, 'test_result_base': None}
[1.140s] INFO:colcon.colcon_core.executor:Executing jobs using 'parallel' executor
[1.142s] DEBUG:colcon.colcon_parallel_executor.executor.parallel:run_until_complete
[1.143s] INFO:colcon.colcon_ros.task.catkin.build:Building ROS package in '/home/coffee/Documents/Studium/TU/bachelorarbeit/tuw_iwos/src/tuw_iwos_tools' with build type 'catkin'
[1.143s] INFO:colcon.colcon_cmake.task.cmake.build:Building CMake package in '/home/coffee/Documents/Studium/TU/bachelorarbeit/tuw_iwos/src/tuw_iwos_tools'
[1.152s] INFO:colcon.colcon_core.plugin_system:Skipping extension 'colcon_core.shell.bat': Not used on non-Windows systems
[1.153s] INFO:colcon.colcon_core.shell:Skip shell extension 'powershell' for command environment: Not usable outside of PowerShell
[1.153s] DEBUG:colcon.colcon_core.shell:Skip shell extension 'dsv' for command environment
[1.161s] INFO:colcon.colcon_ros.task.ament_cmake.build:Building ROS package in '/home/coffee/Documents/Studium/TU/bachelorarbeit/tuw_iwos/src/tuw_iwos' with build type 'ament_cmake'
[1.161s] INFO:colcon.colcon_cmake.task.cmake.build:Building CMake package in '/home/coffee/Documents/Studium/TU/bachelorarbeit/tuw_iwos/src/tuw_iwos'
[1.161s] INFO:colcon.colcon_core.shell:Skip shell extension 'powershell' for command environment: Not usable outside of PowerShell
[1.162s] DEBUG:colcon.colcon_core.shell:Skip shell extension 'dsv' for command environment
[1.167s] INFO:colcon.colcon_ros.task.ament_cmake.build:Building ROS package in '/home/coffee/Documents/Studium/TU/bachelorarbeit/tuw_iwos/src/tuw_iwos_hardware' with build type 'ament_cmake'
[1.168s] INFO:colcon.colcon_cmake.task.cmake.build:Building CMake package in '/home/coffee/Documents/Studium/TU/bachelorarbeit/tuw_iwos/src/tuw_iwos_hardware'
[1.168s] INFO:colcon.colcon_core.shell:Skip shell extension 'powershell' for command environment: Not usable outside of PowerShell
[1.168s] DEBUG:colcon.colcon_core.shell:Skip shell extension 'dsv' for command environment
[1.175s] INFO:colcon.colcon_ros.task.catkin.build:Building ROS package in '/home/coffee/Documents/Studium/TU/bachelorarbeit/tuw_iwos/src/tuw_iwos_hardware_broker' with build type 'catkin'
[1.175s] INFO:colcon.colcon_cmake.task.cmake.build:Building CMake package in '/home/coffee/Documents/Studium/TU/bachelorarbeit/tuw_iwos/src/tuw_iwos_hardware_broker'
[1.175s] INFO:colcon.colcon_core.shell:Skip shell extension 'powershell' for command environment: Not usable outside of PowerShell
[1.176s] DEBUG:colcon.colcon_core.shell:Skip shell extension 'dsv' for command environment
[1.181s] INFO:colcon.colcon_ros.task.catkin.build:Building ROS package in '/home/coffee/Documents/Studium/TU/bachelorarbeit/tuw_iwos/src/tuw_iwos_launches' with build type 'catkin'
[1.181s] INFO:colcon.colcon_cmake.task.cmake.build:Building CMake package in '/home/coffee/Documents/Studium/TU/bachelorarbeit/tuw_iwos/src/tuw_iwos_launches'
[1.181s] INFO:colcon.colcon_core.shell:Skip shell extension 'powershell' for command environment: Not usable outside of PowerShell
[1.182s] DEBUG:colcon.colcon_core.shell:Skip shell extension 'dsv' for command environment
[1.188s] INFO:colcon.colcon_ros.task.ament_cmake.build:Building ROS package in '/home/coffee/Documents/Studium/TU/bachelorarbeit/tuw_iwos/src/tuw_iwos_robot_description' with build type 'ament_cmake'
[1.189s] INFO:colcon.colcon_cmake.task.cmake.build:Building CMake package in '/home/coffee/Documents/Studium/TU/bachelorarbeit/tuw_iwos/src/tuw_iwos_robot_description'
[1.189s] INFO:colcon.colcon_core.shell:Skip shell extension 'powershell' for command environment: Not usable outside of PowerShell
[1.189s] DEBUG:colcon.colcon_core.shell:Skip shell extension 'dsv' for command environment
[1.199s] DEBUG:colcon.colcon_core.event_handler.log_command:Invoking command in '/home/coffee/Documents/Studium/TU/bachelorarbeit/tuw_iwos/build/tuw_iwos_tools': DEBUGINFOD_URLS=https://debuginfod.ubuntu.com /usr/bin/cmake /home/coffee/Documents/Studium/TU/bachelorarbeit/tuw_iwos/src/tuw_iwos_tools -DCATKIN_INSTALL_INTO_PREFIX_ROOT=0 -DCMAKE_INSTALL_PREFIX=/home/coffee/Documents/Studium/TU/bachelorarbeit/tuw_iwos/install/tuw_iwos_tools
[1.204s] DEBUG:colcon.colcon_core.event_handler.log_command:Invoking command in '/home/coffee/Documents/Studium/TU/bachelorarbeit/tuw_iwos/build/tuw_iwos': CMAKE_PREFIX_PATH=${CMAKE_PREFIX_PATH}:/opt/ros/jazzy DEBUGINFOD_URLS=https://debuginfod.ubuntu.com /usr/bin/cmake /home/coffee/Documents/Studium/TU/bachelorarbeit/tuw_iwos/src/tuw_iwos -DCMAKE_INSTALL_PREFIX=/home/coffee/Documents/Studium/TU/bachelorarbeit/tuw_iwos/install/tuw_iwos
[1.209s] DEBUG:colcon.colcon_core.event_handler.log_command:Invoking command in '/home/coffee/Documents/Studium/TU/bachelorarbeit/tuw_iwos/build/tuw_iwos_hardware': CMAKE_PREFIX_PATH=${CMAKE_PREFIX_PATH}:/opt/ros/jazzy DEBUGINFOD_URLS=https://debuginfod.ubuntu.com /usr/bin/cmake /home/coffee/Documents/Studium/TU/bachelorarbeit/tuw_iwos/src/tuw_iwos_hardware -DCMAKE_INSTALL_PREFIX=/home/coffee/Documents/Studium/TU/bachelorarbeit/tuw_iwos/install/tuw_iwos_hardware
[1.211s] DEBUG:colcon.colcon_core.event_handler.log_command:Invoking command in '/home/coffee/Documents/Studium/TU/bachelorarbeit/tuw_iwos/build/tuw_iwos_hardware_broker': DEBUGINFOD_URLS=https://debuginfod.ubuntu.com /usr/bin/cmake /home/coffee/Documents/Studium/TU/bachelorarbeit/tuw_iwos/src/tuw_iwos_hardware_broker -DCATKIN_INSTALL_INTO_PREFIX_ROOT=0 -DCMAKE_INSTALL_PREFIX=/home/coffee/Documents/Studium/TU/bachelorarbeit/tuw_iwos/install/tuw_iwos_hardware_broker
[1.213s] DEBUG:colcon.colcon_core.event_handler.log_command:Invoking command in '/home/coffee/Documents/Studium/TU/bachelorarbeit/tuw_iwos/build/tuw_iwos_launches': DEBUGINFOD_URLS=https://debuginfod.ubuntu.com /usr/bin/cmake /home/coffee/Documents/Studium/TU/bachelorarbeit/tuw_iwos/src/tuw_iwos_launches -DCATKIN_INSTALL_INTO_PREFIX_ROOT=0 -DCMAKE_INSTALL_PREFIX=/home/coffee/Documents/Studium/TU/bachelorarbeit/tuw_iwos/install/tuw_iwos_launches
[1.226s] DEBUG:colcon.colcon_core.event_handler.log_command:Invoking command in '/home/coffee/Documents/Studium/TU/bachelorarbeit/tuw_iwos/build/tuw_iwos_robot_description': CMAKE_PREFIX_PATH=${CMAKE_PREFIX_PATH}:/opt/ros/jazzy DEBUGINFOD_URLS=https://debuginfod.ubuntu.com /usr/bin/cmake --build /home/coffee/Documents/Studium/TU/bachelorarbeit/tuw_iwos/build/tuw_iwos_robot_description -- -j14 -l14
[1.355s] DEBUG:colcon.colcon_core.event_handler.log_command:Invoked command in '/home/coffee/Documents/Studium/TU/bachelorarbeit/tuw_iwos/build/tuw_iwos_robot_description' returned '0': CMAKE_PREFIX_PATH=${CMAKE_PREFIX_PATH}:/opt/ros/jazzy DEBUGINFOD_URLS=https://debuginfod.ubuntu.com /usr/bin/cmake --build /home/coffee/Documents/Studium/TU/bachelorarbeit/tuw_iwos/build/tuw_iwos_robot_description -- -j14 -l14
[1.379s] DEBUG:colcon.colcon_core.event_handler.log_command:Invoking command in '/home/coffee/Documents/Studium/TU/bachelorarbeit/tuw_iwos/build/tuw_iwos_robot_description': CMAKE_PREFIX_PATH=${CMAKE_PREFIX_PATH}:/opt/ros/jazzy DEBUGINFOD_URLS=https://debuginfod.ubuntu.com /usr/bin/cmake --install /home/coffee/Documents/Studium/TU/bachelorarbeit/tuw_iwos/build/tuw_iwos_robot_description
[1.406s] Level 1:colcon.colcon_core.environment:create_environment_scripts_only(tuw_iwos_robot_description)
[1.407s] DEBUG:colcon.colcon_core.event_handler.log_command:Invoked command in '/home/coffee/Documents/Studium/TU/bachelorarbeit/tuw_iwos/build/tuw_iwos_robot_description' returned '0': CMAKE_PREFIX_PATH=${CMAKE_PREFIX_PATH}:/opt/ros/jazzy DEBUGINFOD_URLS=https://debuginfod.ubuntu.com /usr/bin/cmake --install /home/coffee/Documents/Studium/TU/bachelorarbeit/tuw_iwos/build/tuw_iwos_robot_description
[1.417s] Level 1:colcon.colcon_core.environment:checking '/home/coffee/Documents/Studium/TU/bachelorarbeit/tuw_iwos/install/tuw_iwos_robot_description' for CMake module files
[1.418s] Level 1:colcon.colcon_core.environment:checking '/home/coffee/Documents/Studium/TU/bachelorarbeit/tuw_iwos/install/tuw_iwos_robot_description' for CMake config files
[1.419s] Level 1:colcon.colcon_core.shell:create_environment_hook('tuw_iwos_robot_description', 'cmake_prefix_path')
[1.420s] INFO:colcon.colcon_core.shell:Creating environment hook '/home/coffee/Documents/Studium/TU/bachelorarbeit/tuw_iwos/install/tuw_iwos_robot_description/share/tuw_iwos_robot_description/hook/cmake_prefix_path.ps1'
[1.421s] INFO:colcon.colcon_core.shell:Creating environment descriptor '/home/coffee/Documents/Studium/TU/bachelorarbeit/tuw_iwos/install/tuw_iwos_robot_description/share/tuw_iwos_robot_description/hook/cmake_prefix_path.dsv'
[1.423s] INFO:colcon.colcon_core.shell:Creating environment hook '/home/coffee/Documents/Studium/TU/bachelorarbeit/tuw_iwos/install/tuw_iwos_robot_description/share/tuw_iwos_robot_description/hook/cmake_prefix_path.sh'
[1.425s] Level 1:colcon.colcon_core.environment:checking '/home/coffee/Documents/Studium/TU/bachelorarbeit/tuw_iwos/install/tuw_iwos_robot_description/bin'
[1.425s] Level 1:colcon.colcon_core.environment:checking '/home/coffee/Documents/Studium/TU/bachelorarbeit/tuw_iwos/install/tuw_iwos_robot_description/lib/pkgconfig/tuw_iwos_robot_description.pc'
[1.426s] Level 1:colcon.colcon_core.environment:checking '/home/coffee/Documents/Studium/TU/bachelorarbeit/tuw_iwos/install/tuw_iwos_robot_description/lib/python3.12/site-packages'
[1.426s] Level 1:colcon.colcon_core.environment:checking '/home/coffee/Documents/Studium/TU/bachelorarbeit/tuw_iwos/install/tuw_iwos_robot_description/bin'
[1.427s] INFO:colcon.colcon_core.shell:Creating package script '/home/coffee/Documents/Studium/TU/bachelorarbeit/tuw_iwos/install/tuw_iwos_robot_description/share/tuw_iwos_robot_description/package.ps1'
[1.429s] INFO:colcon.colcon_core.shell:Creating package descriptor '/home/coffee/Documents/Studium/TU/bachelorarbeit/tuw_iwos/install/tuw_iwos_robot_description/share/tuw_iwos_robot_description/package.dsv'
[1.430s] INFO:colcon.colcon_core.shell:Creating package script '/home/coffee/Documents/Studium/TU/bachelorarbeit/tuw_iwos/install/tuw_iwos_robot_description/share/tuw_iwos_robot_description/package.sh'
[1.432s] INFO:colcon.colcon_core.shell:Creating package script '/home/coffee/Documents/Studium/TU/bachelorarbeit/tuw_iwos/install/tuw_iwos_robot_description/share/tuw_iwos_robot_description/package.bash'
[1.433s] INFO:colcon.colcon_core.shell:Creating package script '/home/coffee/Documents/Studium/TU/bachelorarbeit/tuw_iwos/install/tuw_iwos_robot_description/share/tuw_iwos_robot_description/package.zsh'
[1.434s] Level 1:colcon.colcon_core.environment:create_file_with_runtime_dependencies(/home/coffee/Documents/Studium/TU/bachelorarbeit/tuw_iwos/install/tuw_iwos_robot_description/share/colcon-core/packages/tuw_iwos_robot_description)
[1.435s] Level 1:colcon.colcon_core.environment:create_environment_scripts_only(tuw_iwos_robot_description)
[1.436s] Level 1:colcon.colcon_core.environment:checking '/home/coffee/Documents/Studium/TU/bachelorarbeit/tuw_iwos/install/tuw_iwos_robot_description' for CMake module files
[1.437s] Level 1:colcon.colcon_core.environment:checking '/home/coffee/Documents/Studium/TU/bachelorarbeit/tuw_iwos/install/tuw_iwos_robot_description' for CMake config files
[1.437s] Level 1:colcon.colcon_core.shell:create_environment_hook('tuw_iwos_robot_description', 'cmake_prefix_path')
[1.437s] INFO:colcon.colcon_core.shell:Creating environment hook '/home/coffee/Documents/Studium/TU/bachelorarbeit/tuw_iwos/install/tuw_iwos_robot_description/share/tuw_iwos_robot_description/hook/cmake_prefix_path.ps1'
[1.438s] INFO:colcon.colcon_core.shell:Creating environment descriptor '/home/coffee/Documents/Studium/TU/bachelorarbeit/tuw_iwos/install/tuw_iwos_robot_description/share/tuw_iwos_robot_description/hook/cmake_prefix_path.dsv'
[1.438s] INFO:colcon.colcon_core.shell:Creating environment hook '/home/coffee/Documents/Studium/TU/bachelorarbeit/tuw_iwos/install/tuw_iwos_robot_description/share/tuw_iwos_robot_description/hook/cmake_prefix_path.sh'
[1.439s] Level 1:colcon.colcon_core.environment:checking '/home/coffee/Documents/Studium/TU/bachelorarbeit/tuw_iwos/install/tuw_iwos_robot_description/bin'
[1.439s] Level 1:colcon.colcon_core.environment:checking '/home/coffee/Documents/Studium/TU/bachelorarbeit/tuw_iwos/install/tuw_iwos_robot_description/lib/pkgconfig/tuw_iwos_robot_description.pc'
[1.440s] Level 1:colcon.colcon_core.environment:checking '/home/coffee/Documents/Studium/TU/bachelorarbeit/tuw_iwos/install/tuw_iwos_robot_description/lib/python3.12/site-packages'
[1.440s] Level 1:colcon.colcon_core.environment:checking '/home/coffee/Documents/Studium/TU/bachelorarbeit/tuw_iwos/install/tuw_iwos_robot_description/bin'
[1.441s] INFO:colcon.colcon_core.shell:Creating package script '/home/coffee/Documents/Studium/TU/bachelorarbeit/tuw_iwos/install/tuw_iwos_robot_description/share/tuw_iwos_robot_description/package.ps1'
[1.442s] INFO:colcon.colcon_core.shell:Creating package descriptor '/home/coffee/Documents/Studium/TU/bachelorarbeit/tuw_iwos/install/tuw_iwos_robot_description/share/tuw_iwos_robot_description/package.dsv'
[1.443s] INFO:colcon.colcon_core.shell:Creating package script '/home/coffee/Documents/Studium/TU/bachelorarbeit/tuw_iwos/install/tuw_iwos_robot_description/share/tuw_iwos_robot_description/package.sh'
[1.443s] INFO:colcon.colcon_core.shell:Creating package script '/home/coffee/Documents/Studium/TU/bachelorarbeit/tuw_iwos/install/tuw_iwos_robot_description/share/tuw_iwos_robot_description/package.bash'
[1.444s] INFO:colcon.colcon_core.shell:Creating package script '/home/coffee/Documents/Studium/TU/bachelorarbeit/tuw_iwos/install/tuw_iwos_robot_description/share/tuw_iwos_robot_description/package.zsh'
[1.444s] Level 1:colcon.colcon_core.environment:create_file_with_runtime_dependencies(/home/coffee/Documents/Studium/TU/bachelorarbeit/tuw_iwos/install/tuw_iwos_robot_description/share/colcon-core/packages/tuw_iwos_robot_description)
[2.029s] DEBUG:colcon.colcon_core.event_handler.log_command:Invoked command in '/home/coffee/Documents/Studium/TU/bachelorarbeit/tuw_iwos/build/tuw_iwos' returned '0': CMAKE_PREFIX_PATH=${CMAKE_PREFIX_PATH}:/opt/ros/jazzy DEBUGINFOD_URLS=https://debuginfod.ubuntu.com /usr/bin/cmake /home/coffee/Documents/Studium/TU/bachelorarbeit/tuw_iwos/src/tuw_iwos -DCMAKE_INSTALL_PREFIX=/home/coffee/Documents/Studium/TU/bachelorarbeit/tuw_iwos/install/tuw_iwos
[2.031s] DEBUG:colcon.colcon_core.event_handler.log_command:Invoking command in '/home/coffee/Documents/Studium/TU/bachelorarbeit/tuw_iwos/build/tuw_iwos': CMAKE_PREFIX_PATH=${CMAKE_PREFIX_PATH}:/opt/ros/jazzy DEBUGINFOD_URLS=https://debuginfod.ubuntu.com /usr/bin/cmake --build /home/coffee/Documents/Studium/TU/bachelorarbeit/tuw_iwos/build/tuw_iwos -- -j14 -l14
[2.063s] DEBUG:colcon.colcon_core.event_handler.log_command:Invoked command in '/home/coffee/Documents/Studium/TU/bachelorarbeit/tuw_iwos/build/tuw_iwos_hardware_broker' returned '1': DEBUGINFOD_URLS=https://debuginfod.ubuntu.com /usr/bin/cmake /home/coffee/Documents/Studium/TU/bachelorarbeit/tuw_iwos/src/tuw_iwos_hardware_broker -DCATKIN_INSTALL_INTO_PREFIX_ROOT=0 -DCMAKE_INSTALL_PREFIX=/home/coffee/Documents/Studium/TU/bachelorarbeit/tuw_iwos/install/tuw_iwos_hardware_broker
[2.065s] DEBUG:colcon.colcon_core.event_handler.log_command:Invoked command in '/home/coffee/Documents/Studium/TU/bachelorarbeit/tuw_iwos/build/tuw_iwos_launches' returned '1': DEBUGINFOD_URLS=https://debuginfod.ubuntu.com /usr/bin/cmake /home/coffee/Documents/Studium/TU/bachelorarbeit/tuw_iwos/src/tuw_iwos_launches -DCATKIN_INSTALL_INTO_PREFIX_ROOT=0 -DCMAKE_INSTALL_PREFIX=/home/coffee/Documents/Studium/TU/bachelorarbeit/tuw_iwos/install/tuw_iwos_launches
[2.067s] DEBUG:colcon.colcon_core.event_handler.log_command:Invoked command in '/home/coffee/Documents/Studium/TU/bachelorarbeit/tuw_iwos/build/tuw_iwos_tools' returned '1': DEBUGINFOD_URLS=https://debuginfod.ubuntu.com /usr/bin/cmake /home/coffee/Documents/Studium/TU/bachelorarbeit/tuw_iwos/src/tuw_iwos_tools -DCATKIN_INSTALL_INTO_PREFIX_ROOT=0 -DCMAKE_INSTALL_PREFIX=/home/coffee/Documents/Studium/TU/bachelorarbeit/tuw_iwos/install/tuw_iwos_tools
[2.084s] Level 1:colcon.colcon_core.environment:create_environment_scripts_only(tuw_iwos_launches)
[2.084s] Level 1:colcon.colcon_core.environment:checking '/home/coffee/Documents/Studium/TU/bachelorarbeit/tuw_iwos/install/tuw_iwos_launches' for CMake module files
[2.085s] Level 1:colcon.colcon_core.environment:checking '/home/coffee/Documents/Studium/TU/bachelorarbeit/tuw_iwos/install/tuw_iwos_launches' for CMake config files
[2.086s] Level 1:colcon.colcon_core.environment:checking '/home/coffee/Documents/Studium/TU/bachelorarbeit/tuw_iwos/install/tuw_iwos_launches/bin'
[2.086s] Level 1:colcon.colcon_core.environment:checking '/home/coffee/Documents/Studium/TU/bachelorarbeit/tuw_iwos/install/tuw_iwos_launches/lib/pkgconfig/tuw_iwos_launches.pc'
[2.086s] Level 1:colcon.colcon_core.environment:checking '/home/coffee/Documents/Studium/TU/bachelorarbeit/tuw_iwos/install/tuw_iwos_launches/lib/python3.12/site-packages'
[2.087s] Level 1:colcon.colcon_core.environment:checking '/home/coffee/Documents/Studium/TU/bachelorarbeit/tuw_iwos/install/tuw_iwos_launches/bin'
[2.087s] INFO:colcon.colcon_core.shell:Creating package script '/home/coffee/Documents/Studium/TU/bachelorarbeit/tuw_iwos/install/tuw_iwos_launches/share/tuw_iwos_launches/package.ps1'
[2.088s] INFO:colcon.colcon_core.shell:Creating package descriptor '/home/coffee/Documents/Studium/TU/bachelorarbeit/tuw_iwos/install/tuw_iwos_launches/share/tuw_iwos_launches/package.dsv'
[2.088s] INFO:colcon.colcon_core.shell:Creating package script '/home/coffee/Documents/Studium/TU/bachelorarbeit/tuw_iwos/install/tuw_iwos_launches/share/tuw_iwos_launches/package.sh'
[2.089s] INFO:colcon.colcon_core.shell:Creating package script '/home/coffee/Documents/Studium/TU/bachelorarbeit/tuw_iwos/install/tuw_iwos_launches/share/tuw_iwos_launches/package.bash'
[2.089s] INFO:colcon.colcon_core.shell:Creating package script '/home/coffee/Documents/Studium/TU/bachelorarbeit/tuw_iwos/install/tuw_iwos_launches/share/tuw_iwos_launches/package.zsh'
[2.089s] Level 1:colcon.colcon_core.environment:create_file_with_runtime_dependencies(/home/coffee/Documents/Studium/TU/bachelorarbeit/tuw_iwos/install/tuw_iwos_launches/share/colcon-core/packages/tuw_iwos_launches)
[2.840s] DEBUG:colcon.colcon_parallel_executor.executor.parallel:closing loop
[2.841s] DEBUG:colcon.colcon_parallel_executor.executor.parallel:loop closed
[2.841s] DEBUG:colcon.colcon_parallel_executor.executor.parallel:run_until_complete finished with '1'
[2.841s] DEBUG:colcon.colcon_core.event_reactor:joining thread
[2.866s] INFO:colcon.colcon_core.plugin_system:Skipping extension 'colcon_notification.desktop_notification.terminal_notifier': Not used on non-Darwin systems
[2.867s] INFO:colcon.colcon_core.plugin_system:Skipping extension 'colcon_notification.desktop_notification.win32': Not used on non-Windows systems
[2.867s] INFO:colcon.colcon_notification.desktop_notification:Sending desktop notification using 'notify2'
[2.911s] DEBUG:colcon.colcon_core.event_reactor:joined thread
[2.912s] INFO:colcon.colcon_core.shell:Creating prefix script '/home/coffee/Documents/Studium/TU/bachelorarbeit/tuw_iwos/install/local_setup.ps1'
[2.915s] INFO:colcon.colcon_core.shell:Creating prefix util module '/home/coffee/Documents/Studium/TU/bachelorarbeit/tuw_iwos/install/_local_setup_util_ps1.py'
[2.916s] INFO:colcon.colcon_core.shell:Creating prefix chain script '/home/coffee/Documents/Studium/TU/bachelorarbeit/tuw_iwos/install/setup.ps1'
[2.918s] INFO:colcon.colcon_core.shell:Creating prefix script '/home/coffee/Documents/Studium/TU/bachelorarbeit/tuw_iwos/install/local_setup.sh'
[2.919s] INFO:colcon.colcon_core.shell:Creating prefix util module '/home/coffee/Documents/Studium/TU/bachelorarbeit/tuw_iwos/install/_local_setup_util_sh.py'
[2.920s] INFO:colcon.colcon_core.shell:Creating prefix chain script '/home/coffee/Documents/Studium/TU/bachelorarbeit/tuw_iwos/install/setup.sh'
[2.921s] INFO:colcon.colcon_core.shell:Creating prefix script '/home/coffee/Documents/Studium/TU/bachelorarbeit/tuw_iwos/install/local_setup.bash'
[2.922s] INFO:colcon.colcon_core.shell:Creating prefix chain script '/home/coffee/Documents/Studium/TU/bachelorarbeit/tuw_iwos/install/setup.bash'
[2.924s] INFO:colcon.colcon_core.shell:Creating prefix script '/home/coffee/Documents/Studium/TU/bachelorarbeit/tuw_iwos/install/local_setup.zsh'
[2.926s] INFO:colcon.colcon_core.shell:Creating prefix chain script '/home/coffee/Documents/Studium/TU/bachelorarbeit/tuw_iwos/install/setup.zsh'
